Archive member included to satisfy reference by file (symbol)

c:/st/stm32cubeide_1.3.0/stm32cubeide/plugins/com.st.stm32cube.ide.mcu.externaltools.gnu-tools-for-stm32.7-2018-q2-update.win32_1.4.0.202007081208/tools/bin/../lib/gcc/arm-none-eabi/7.3.1/../../../../arm-none-eabi/lib/thumb/v7e-m/fpv4-sp/hard\libc_nano.a(lib_a-errno.o)
                              Src/syscalls.o (__errno)
c:/st/stm32cubeide_1.3.0/stm32cubeide/plugins/com.st.stm32cube.ide.mcu.externaltools.gnu-tools-for-stm32.7-2018-q2-update.win32_1.4.0.202007081208/tools/bin/../lib/gcc/arm-none-eabi/7.3.1/../../../../arm-none-eabi/lib/thumb/v7e-m/fpv4-sp/hard\libc_nano.a(lib_a-exit.o)
                              c:/st/stm32cubeide_1.3.0/stm32cubeide/plugins/com.st.stm32cube.ide.mcu.externaltools.gnu-tools-for-stm32.7-2018-q2-update.win32_1.4.0.202007081208/tools/bin/../lib/gcc/arm-none-eabi/7.3.1/../../../../arm-none-eabi/lib/thumb/v7e-m/fpv4-sp/hard/crt0.o (exit)
c:/st/stm32cubeide_1.3.0/stm32cubeide/plugins/com.st.stm32cube.ide.mcu.externaltools.gnu-tools-for-stm32.7-2018-q2-update.win32_1.4.0.202007081208/tools/bin/../lib/gcc/arm-none-eabi/7.3.1/../../../../arm-none-eabi/lib/thumb/v7e-m/fpv4-sp/hard\libc_nano.a(lib_a-impure.o)
                              c:/st/stm32cubeide_1.3.0/stm32cubeide/plugins/com.st.stm32cube.ide.mcu.externaltools.gnu-tools-for-stm32.7-2018-q2-update.win32_1.4.0.202007081208/tools/bin/../lib/gcc/arm-none-eabi/7.3.1/../../../../arm-none-eabi/lib/thumb/v7e-m/fpv4-sp/hard\libc_nano.a(lib_a-exit.o) (_global_impure_ptr)
c:/st/stm32cubeide_1.3.0/stm32cubeide/plugins/com.st.stm32cube.ide.mcu.externaltools.gnu-tools-for-stm32.7-2018-q2-update.win32_1.4.0.202007081208/tools/bin/../lib/gcc/arm-none-eabi/7.3.1/../../../../arm-none-eabi/lib/thumb/v7e-m/fpv4-sp/hard\libc_nano.a(lib_a-init.o)
                              c:/st/stm32cubeide_1.3.0/stm32cubeide/plugins/com.st.stm32cube.ide.mcu.externaltools.gnu-tools-for-stm32.7-2018-q2-update.win32_1.4.0.202007081208/tools/bin/../lib/gcc/arm-none-eabi/7.3.1/../../../../arm-none-eabi/lib/thumb/v7e-m/fpv4-sp/hard/crt0.o (__libc_init_array)
c:/st/stm32cubeide_1.3.0/stm32cubeide/plugins/com.st.stm32cube.ide.mcu.externaltools.gnu-tools-for-stm32.7-2018-q2-update.win32_1.4.0.202007081208/tools/bin/../lib/gcc/arm-none-eabi/7.3.1/../../../../arm-none-eabi/lib/thumb/v7e-m/fpv4-sp/hard\libc_nano.a(lib_a-memset.o)
                              c:/st/stm32cubeide_1.3.0/stm32cubeide/plugins/com.st.stm32cube.ide.mcu.externaltools.gnu-tools-for-stm32.7-2018-q2-update.win32_1.4.0.202007081208/tools/bin/../lib/gcc/arm-none-eabi/7.3.1/../../../../arm-none-eabi/lib/thumb/v7e-m/fpv4-sp/hard/crt0.o (memset)
c:/st/stm32cubeide_1.3.0/stm32cubeide/plugins/com.st.stm32cube.ide.mcu.externaltools.gnu-tools-for-stm32.7-2018-q2-update.win32_1.4.0.202007081208/tools/bin/../lib/gcc/arm-none-eabi/7.3.1/../../../../arm-none-eabi/lib/thumb/v7e-m/fpv4-sp/hard\libc_nano.a(lib_a-strlen.o)
                              Src/010_I2C_master_Tx_testing.o (strlen)

Allocating common symbols
Common symbol       size              file

I2C1Handle          0x28              Src/010_I2C_master_Tx_testing.o

Discarded input sections

 .text          0x0000000000000000        0x0 c:/st/stm32cubeide_1.3.0/stm32cubeide/plugins/com.st.stm32cube.ide.mcu.externaltools.gnu-tools-for-stm32.7-2018-q2-update.win32_1.4.0.202007081208/tools/bin/../lib/gcc/arm-none-eabi/7.3.1/thumb/v7e-m/fpv4-sp/hard/crti.o
 .data          0x0000000000000000        0x0 c:/st/stm32cubeide_1.3.0/stm32cubeide/plugins/com.st.stm32cube.ide.mcu.externaltools.gnu-tools-for-stm32.7-2018-q2-update.win32_1.4.0.202007081208/tools/bin/../lib/gcc/arm-none-eabi/7.3.1/thumb/v7e-m/fpv4-sp/hard/crti.o
 .bss           0x0000000000000000        0x0 c:/st/stm32cubeide_1.3.0/stm32cubeide/plugins/com.st.stm32cube.ide.mcu.externaltools.gnu-tools-for-stm32.7-2018-q2-update.win32_1.4.0.202007081208/tools/bin/../lib/gcc/arm-none-eabi/7.3.1/thumb/v7e-m/fpv4-sp/hard/crti.o
 .data          0x0000000000000000        0x4 c:/st/stm32cubeide_1.3.0/stm32cubeide/plugins/com.st.stm32cube.ide.mcu.externaltools.gnu-tools-for-stm32.7-2018-q2-update.win32_1.4.0.202007081208/tools/bin/../lib/gcc/arm-none-eabi/7.3.1/thumb/v7e-m/fpv4-sp/hard/crtbegin.o
 .text          0x0000000000000000       0x74 c:/st/stm32cubeide_1.3.0/stm32cubeide/plugins/com.st.stm32cube.ide.mcu.externaltools.gnu-tools-for-stm32.7-2018-q2-update.win32_1.4.0.202007081208/tools/bin/../lib/gcc/arm-none-eabi/7.3.1/../../../../arm-none-eabi/lib/thumb/v7e-m/fpv4-sp/hard/crt0.o
 .data          0x0000000000000000        0x0 c:/st/stm32cubeide_1.3.0/stm32cubeide/plugins/com.st.stm32cube.ide.mcu.externaltools.gnu-tools-for-stm32.7-2018-q2-update.win32_1.4.0.202007081208/tools/bin/../lib/gcc/arm-none-eabi/7.3.1/../../../../arm-none-eabi/lib/thumb/v7e-m/fpv4-sp/hard/crt0.o
 .bss           0x0000000000000000        0x0 c:/st/stm32cubeide_1.3.0/stm32cubeide/plugins/com.st.stm32cube.ide.mcu.externaltools.gnu-tools-for-stm32.7-2018-q2-update.win32_1.4.0.202007081208/tools/bin/../lib/gcc/arm-none-eabi/7.3.1/../../../../arm-none-eabi/lib/thumb/v7e-m/fpv4-sp/hard/crt0.o
 .ARM.extab     0x0000000000000000        0x0 c:/st/stm32cubeide_1.3.0/stm32cubeide/plugins/com.st.stm32cube.ide.mcu.externaltools.gnu-tools-for-stm32.7-2018-q2-update.win32_1.4.0.202007081208/tools/bin/../lib/gcc/arm-none-eabi/7.3.1/../../../../arm-none-eabi/lib/thumb/v7e-m/fpv4-sp/hard/crt0.o
 .ARM.exidx     0x0000000000000000        0x8 c:/st/stm32cubeide_1.3.0/stm32cubeide/plugins/com.st.stm32cube.ide.mcu.externaltools.gnu-tools-for-stm32.7-2018-q2-update.win32_1.4.0.202007081208/tools/bin/../lib/gcc/arm-none-eabi/7.3.1/../../../../arm-none-eabi/lib/thumb/v7e-m/fpv4-sp/hard/crt0.o
 .ARM.attributes
                0x0000000000000000       0x20 c:/st/stm32cubeide_1.3.0/stm32cubeide/plugins/com.st.stm32cube.ide.mcu.externaltools.gnu-tools-for-stm32.7-2018-q2-update.win32_1.4.0.202007081208/tools/bin/../lib/gcc/arm-none-eabi/7.3.1/../../../../arm-none-eabi/lib/thumb/v7e-m/fpv4-sp/hard/crt0.o
 .group         0x0000000000000000        0xc LCD_Driver/lcd.o
 .group         0x0000000000000000        0xc LCD_Driver/lcd.o
 .group         0x0000000000000000        0xc LCD_Driver/lcd.o
 .group         0x0000000000000000        0xc LCD_Driver/lcd.o
 .group         0x0000000000000000        0xc LCD_Driver/lcd.o
 .group         0x0000000000000000        0xc LCD_Driver/lcd.o
 .group         0x0000000000000000        0xc LCD_Driver/lcd.o
 .group         0x0000000000000000        0xc LCD_Driver/lcd.o
 .group         0x0000000000000000        0xc LCD_Driver/lcd.o
 .group         0x0000000000000000        0xc LCD_Driver/lcd.o
 .group         0x0000000000000000        0xc LCD_Driver/lcd.o
 .text          0x0000000000000000        0x0 LCD_Driver/lcd.o
 .data          0x0000000000000000        0x0 LCD_Driver/lcd.o
 .bss           0x0000000000000000        0x0 LCD_Driver/lcd.o
 .text.lcd_send_command
                0x0000000000000000       0x44 LCD_Driver/lcd.o
 .text.lcd_print_char
                0x0000000000000000       0x44 LCD_Driver/lcd.o
 .text.lcd_print_string
                0x0000000000000000       0x26 LCD_Driver/lcd.o
 .text.lcd_init
                0x0000000000000000      0x11c LCD_Driver/lcd.o
 .text.write_4_bits
                0x0000000000000000       0x70 LCD_Driver/lcd.o
 .text.lcd_display_clear
                0x0000000000000000       0x14 LCD_Driver/lcd.o
 .text.lcd_display_return_home
                0x0000000000000000       0x14 LCD_Driver/lcd.o
 .text.lcd_set_cursor
                0x0000000000000000       0x4e LCD_Driver/lcd.o
 .text.lcd_enable
                0x0000000000000000       0x2c LCD_Driver/lcd.o
 .text.mdelay   0x0000000000000000       0x30 LCD_Driver/lcd.o
 .text.udelay   0x0000000000000000       0x28 LCD_Driver/lcd.o
 .debug_info    0x0000000000000000      0x361 LCD_Driver/lcd.o
 .debug_abbrev  0x0000000000000000      0x15c LCD_Driver/lcd.o
 .debug_aranges
                0x0000000000000000       0x70 LCD_Driver/lcd.o
 .debug_ranges  0x0000000000000000       0x60 LCD_Driver/lcd.o
 .debug_macro   0x0000000000000000       0x9d LCD_Driver/lcd.o
 .debug_macro   0x0000000000000000      0xa66 LCD_Driver/lcd.o
 .debug_macro   0x0000000000000000       0x22 LCD_Driver/lcd.o
 .debug_macro   0x0000000000000000       0x8e LCD_Driver/lcd.o
 .debug_macro   0x0000000000000000       0x51 LCD_Driver/lcd.o
 .debug_macro   0x0000000000000000       0xef LCD_Driver/lcd.o
 .debug_macro   0x0000000000000000       0x6a LCD_Driver/lcd.o
 .debug_macro   0x0000000000000000      0x1df LCD_Driver/lcd.o
 .debug_macro   0x0000000000000000      0x174 LCD_Driver/lcd.o
 .debug_macro   0x0000000000000000     0x166b LCD_Driver/lcd.o
 .debug_macro   0x0000000000000000       0xc4 LCD_Driver/lcd.o
 .debug_macro   0x0000000000000000       0x52 LCD_Driver/lcd.o
 .debug_line    0x0000000000000000      0x544 LCD_Driver/lcd.o
 .debug_str     0x0000000000000000     0x9635 LCD_Driver/lcd.o
 .comment       0x0000000000000000       0x7c LCD_Driver/lcd.o
 .debug_frame   0x0000000000000000      0x18c LCD_Driver/lcd.o
 .ARM.attributes
                0x0000000000000000       0x39 LCD_Driver/lcd.o
 .group         0x0000000000000000        0xc Src/010_I2C_master_Tx_testing.o
 .group         0x0000000000000000        0xc Src/010_I2C_master_Tx_testing.o
 .group         0x0000000000000000        0xc Src/010_I2C_master_Tx_testing.o
 .group         0x0000000000000000        0xc Src/010_I2C_master_Tx_testing.o
 .group         0x0000000000000000        0xc Src/010_I2C_master_Tx_testing.o
 .group         0x0000000000000000        0xc Src/010_I2C_master_Tx_testing.o
 .group         0x0000000000000000        0xc Src/010_I2C_master_Tx_testing.o
 .group         0x0000000000000000        0xc Src/010_I2C_master_Tx_testing.o
 .group         0x0000000000000000        0xc Src/010_I2C_master_Tx_testing.o
 .group         0x0000000000000000        0xc Src/010_I2C_master_Tx_testing.o
 .group         0x0000000000000000        0xc Src/010_I2C_master_Tx_testing.o
 .group         0x0000000000000000        0xc Src/010_I2C_master_Tx_testing.o
 .group         0x0000000000000000        0xc Src/010_I2C_master_Tx_testing.o
 .group         0x0000000000000000        0xc Src/010_I2C_master_Tx_testing.o
 .group         0x0000000000000000        0xc Src/010_I2C_master_Tx_testing.o
 .group         0x0000000000000000        0xc Src/010_I2C_master_Tx_testing.o
 .group         0x0000000000000000        0xc Src/010_I2C_master_Tx_testing.o
 .group         0x0000000000000000        0xc Src/010_I2C_master_Tx_testing.o
 .group         0x0000000000000000        0xc Src/010_I2C_master_Tx_testing.o
 .group         0x0000000000000000        0xc Src/010_I2C_master_Tx_testing.o
 .group         0x0000000000000000        0xc Src/010_I2C_master_Tx_testing.o
 .group         0x0000000000000000        0xc Src/010_I2C_master_Tx_testing.o
 .group         0x0000000000000000        0xc Src/010_I2C_master_Tx_testing.o
 .group         0x0000000000000000        0xc Src/010_I2C_master_Tx_testing.o
 .group         0x0000000000000000        0xc Src/010_I2C_master_Tx_testing.o
 .group         0x0000000000000000        0xc Src/010_I2C_master_Tx_testing.o
 .group         0x0000000000000000        0xc Src/010_I2C_master_Tx_testing.o
 .group         0x0000000000000000        0xc Src/010_I2C_master_Tx_testing.o
 .group         0x0000000000000000        0xc Src/010_I2C_master_Tx_testing.o
 .group         0x0000000000000000        0xc Src/010_I2C_master_Tx_testing.o
 .group         0x0000000000000000        0xc Src/010_I2C_master_Tx_testing.o
 .group         0x0000000000000000        0xc Src/010_I2C_master_Tx_testing.o
 .group         0x0000000000000000        0xc Src/010_I2C_master_Tx_testing.o
 .group         0x0000000000000000        0xc Src/010_I2C_master_Tx_testing.o
 .group         0x0000000000000000        0xc Src/010_I2C_master_Tx_testing.o
 .group         0x0000000000000000        0xc Src/010_I2C_master_Tx_testing.o
 .group         0x0000000000000000        0xc Src/010_I2C_master_Tx_testing.o
 .group         0x0000000000000000        0xc Src/010_I2C_master_Tx_testing.o
 .text          0x0000000000000000        0x0 Src/010_I2C_master_Tx_testing.o
 .data          0x0000000000000000        0x0 Src/010_I2C_master_Tx_testing.o
 .bss           0x0000000000000000        0x0 Src/010_I2C_master_Tx_testing.o
 .debug_macro   0x0000000000000000      0xa66 Src/010_I2C_master_Tx_testing.o
 .debug_macro   0x0000000000000000       0x22 Src/010_I2C_master_Tx_testing.o
 .debug_macro   0x0000000000000000       0x6a Src/010_I2C_master_Tx_testing.o
 .debug_macro   0x0000000000000000       0xef Src/010_I2C_master_Tx_testing.o
 .debug_macro   0x0000000000000000      0x1df Src/010_I2C_master_Tx_testing.o
 .debug_macro   0x0000000000000000     0x166b Src/010_I2C_master_Tx_testing.o
 .debug_macro   0x0000000000000000       0xc4 Src/010_I2C_master_Tx_testing.o
 .group         0x0000000000000000        0xc Src/syscalls.o
 .group         0x0000000000000000        0xc Src/syscalls.o
 .group         0x0000000000000000        0xc Src/syscalls.o
 .group         0x0000000000000000        0xc Src/syscalls.o
 .group         0x0000000000000000        0xc Src/syscalls.o
 .group         0x0000000000000000        0xc Src/syscalls.o
 .group         0x0000000000000000        0xc Src/syscalls.o
 .group         0x0000000000000000        0xc Src/syscalls.o
 .group         0x0000000000000000        0xc Src/syscalls.o
 .group         0x0000000000000000        0xc Src/syscalls.o
 .group         0x0000000000000000        0xc Src/syscalls.o
 .group         0x0000000000000000        0xc Src/syscalls.o
 .group         0x0000000000000000        0xc Src/syscalls.o
 .group         0x0000000000000000        0xc Src/syscalls.o
 .group         0x0000000000000000        0xc Src/syscalls.o
 .group         0x0000000000000000        0xc Src/syscalls.o
 .group         0x0000000000000000        0xc Src/syscalls.o
 .group         0x0000000000000000        0xc Src/syscalls.o
 .group         0x0000000000000000        0xc Src/syscalls.o
 .group         0x0000000000000000        0xc Src/syscalls.o
 .group         0x0000000000000000        0xc Src/syscalls.o
 .group         0x0000000000000000        0xc Src/syscalls.o
 .group         0x0000000000000000        0xc Src/syscalls.o
 .group         0x0000000000000000        0xc Src/syscalls.o
 .group         0x0000000000000000        0xc Src/syscalls.o
 .group         0x0000000000000000        0xc Src/syscalls.o
 .group         0x0000000000000000        0xc Src/syscalls.o
 .group         0x0000000000000000        0xc Src/syscalls.o
 .group         0x0000000000000000        0xc Src/syscalls.o
 .group         0x0000000000000000        0xc Src/syscalls.o
 .group         0x0000000000000000        0xc Src/syscalls.o
 .group         0x0000000000000000        0xc Src/syscalls.o
 .group         0x0000000000000000        0xc Src/syscalls.o
 .group         0x0000000000000000        0xc Src/syscalls.o
 .group         0x0000000000000000        0xc Src/syscalls.o
 .group         0x0000000000000000        0xc Src/syscalls.o
 .group         0x0000000000000000        0xc Src/syscalls.o
 .group         0x0000000000000000        0xc Src/syscalls.o
 .group         0x0000000000000000        0xc Src/syscalls.o
 .group         0x0000000000000000        0xc Src/syscalls.o
 .group         0x0000000000000000        0xc Src/syscalls.o
 .group         0x0000000000000000        0xc Src/syscalls.o
 .group         0x0000000000000000        0xc Src/syscalls.o
 .group         0x0000000000000000        0xc Src/syscalls.o
 .text          0x0000000000000000        0x0 Src/syscalls.o
 .data          0x0000000000000000        0x0 Src/syscalls.o
 .bss           0x0000000000000000        0x0 Src/syscalls.o
 .text.ITM_SendChar
                0x0000000000000000       0x50 Src/syscalls.o
 .bss.__env     0x0000000000000000        0x4 Src/syscalls.o
 .data.environ  0x0000000000000000        0x4 Src/syscalls.o
 .text.initialise_monitor_handles
                0x0000000000000000        0xe Src/syscalls.o
 .text._getpid  0x0000000000000000       0x10 Src/syscalls.o
 .text._kill    0x0000000000000000       0x20 Src/syscalls.o
 .text._exit    0x0000000000000000       0x14 Src/syscalls.o
 .text._read    0x0000000000000000       0x3a Src/syscalls.o
 .text._write   0x0000000000000000       0x38 Src/syscalls.o
 .text._close   0x0000000000000000       0x18 Src/syscalls.o
 .text._fstat   0x0000000000000000       0x20 Src/syscalls.o
 .text._isatty  0x0000000000000000       0x16 Src/syscalls.o
 .text._lseek   0x0000000000000000       0x1a Src/syscalls.o
 .text._open    0x0000000000000000       0x1c Src/syscalls.o
 .text._wait    0x0000000000000000       0x1e Src/syscalls.o
 .text._unlink  0x0000000000000000       0x1e Src/syscalls.o
 .text._times   0x0000000000000000       0x18 Src/syscalls.o
 .text._stat    0x0000000000000000       0x20 Src/syscalls.o
 .text._link    0x0000000000000000       0x20 Src/syscalls.o
 .text._fork    0x0000000000000000       0x16 Src/syscalls.o
 .text._execve  0x0000000000000000       0x22 Src/syscalls.o
 .debug_info    0x0000000000000000      0xefd Src/syscalls.o
 .debug_abbrev  0x0000000000000000      0x279 Src/syscalls.o
 .debug_aranges
                0x0000000000000000       0xb0 Src/syscalls.o
 .debug_ranges  0x0000000000000000       0xa0 Src/syscalls.o
 .debug_macro   0x0000000000000000      0x255 Src/syscalls.o
 .debug_macro   0x0000000000000000      0xa66 Src/syscalls.o
 .debug_macro   0x0000000000000000       0x22 Src/syscalls.o
 .debug_macro   0x0000000000000000       0x40 Src/syscalls.o
 .debug_macro   0x0000000000000000       0x18 Src/syscalls.o
 .debug_macro   0x0000000000000000       0x94 Src/syscalls.o
 .debug_macro   0x0000000000000000       0x3c Src/syscalls.o
 .debug_macro   0x0000000000000000       0x34 Src/syscalls.o
 .debug_macro   0x0000000000000000       0x57 Src/syscalls.o
 .debug_macro   0x0000000000000000      0x174 Src/syscalls.o
 .debug_macro   0x0000000000000000      0x330 Src/syscalls.o
 .debug_macro   0x0000000000000000       0x52 Src/syscalls.o
 .debug_macro   0x0000000000000000       0x1f Src/syscalls.o
 .debug_macro   0x0000000000000000       0x43 Src/syscalls.o
 .debug_macro   0x0000000000000000       0x20 Src/syscalls.o
 .debug_macro   0x0000000000000000      0x1a3 Src/syscalls.o
 .debug_macro   0x0000000000000000       0x10 Src/syscalls.o
 .debug_macro   0x0000000000000000       0x35 Src/syscalls.o
 .debug_macro   0x0000000000000000       0x10 Src/syscalls.o
 .debug_macro   0x0000000000000000       0x10 Src/syscalls.o
 .debug_macro   0x0000000000000000       0x10 Src/syscalls.o
 .debug_macro   0x0000000000000000       0x6a Src/syscalls.o
 .debug_macro   0x0000000000000000       0x1c Src/syscalls.o
 .debug_macro   0x0000000000000000       0x52 Src/syscalls.o
 .debug_macro   0x0000000000000000       0x40 Src/syscalls.o
 .debug_macro   0x0000000000000000       0x10 Src/syscalls.o
 .debug_macro   0x0000000000000000       0x40 Src/syscalls.o
 .debug_macro   0x0000000000000000       0xd7 Src/syscalls.o
 .debug_macro   0x0000000000000000       0x1c Src/syscalls.o
 .debug_macro   0x0000000000000000       0x3d Src/syscalls.o
 .debug_macro   0x0000000000000000       0x35 Src/syscalls.o
 .debug_macro   0x0000000000000000      0x122 Src/syscalls.o
 .debug_macro   0x0000000000000000       0x16 Src/syscalls.o
 .debug_macro   0x0000000000000000       0x16 Src/syscalls.o
 .debug_macro   0x0000000000000000       0x29 Src/syscalls.o
 .debug_macro   0x0000000000000000       0x10 Src/syscalls.o
 .debug_macro   0x0000000000000000      0x241 Src/syscalls.o
 .debug_macro   0x0000000000000000       0x1c Src/syscalls.o
 .debug_macro   0x0000000000000000       0x10 Src/syscalls.o
 .debug_macro   0x0000000000000000       0x10 Src/syscalls.o
 .debug_macro   0x0000000000000000       0x16 Src/syscalls.o
 .debug_macro   0x0000000000000000      0x145 Src/syscalls.o
 .debug_macro   0x0000000000000000      0x189 Src/syscalls.o
 .debug_macro   0x0000000000000000       0x16 Src/syscalls.o
 .debug_macro   0x0000000000000000       0x88 Src/syscalls.o
 .debug_line    0x0000000000000000      0x759 Src/syscalls.o
 .debug_str     0x0000000000000000     0x897b Src/syscalls.o
 .comment       0x0000000000000000       0x7c Src/syscalls.o
 .debug_frame   0x0000000000000000      0x2d4 Src/syscalls.o
 .ARM.attributes
                0x0000000000000000       0x39 Src/syscalls.o
 .group         0x0000000000000000        0xc Src/sysmem.o
 .group         0x0000000000000000        0xc Src/sysmem.o
 .group         0x0000000000000000        0xc Src/sysmem.o
 .group         0x0000000000000000        0xc Src/sysmem.o
 .group         0x0000000000000000        0xc Src/sysmem.o
 .group         0x0000000000000000        0xc Src/sysmem.o
 .group         0x0000000000000000        0xc Src/sysmem.o
 .group         0x0000000000000000        0xc Src/sysmem.o
 .group         0x0000000000000000        0xc Src/sysmem.o
 .group         0x0000000000000000        0xc Src/sysmem.o
 .group         0x0000000000000000        0xc Src/sysmem.o
 .group         0x0000000000000000        0xc Src/sysmem.o
 .group         0x0000000000000000        0xc Src/sysmem.o
 .group         0x0000000000000000        0xc Src/sysmem.o
 .group         0x0000000000000000        0xc Src/sysmem.o
 .group         0x0000000000000000        0xc Src/sysmem.o
 .group         0x0000000000000000        0xc Src/sysmem.o
 .group         0x0000000000000000        0xc Src/sysmem.o
 .group         0x0000000000000000        0xc Src/sysmem.o
 .group         0x0000000000000000        0xc Src/sysmem.o
 .group         0x0000000000000000        0xc Src/sysmem.o
 .group         0x0000000000000000        0xc Src/sysmem.o
 .group         0x0000000000000000        0xc Src/sysmem.o
 .group         0x0000000000000000        0xc Src/sysmem.o
 .group         0x0000000000000000        0xc Src/sysmem.o
 .group         0x0000000000000000        0xc Src/sysmem.o
 .group         0x0000000000000000        0xc Src/sysmem.o
 .group         0x0000000000000000        0xc Src/sysmem.o
 .group         0x0000000000000000        0xc Src/sysmem.o
 .group         0x0000000000000000        0xc Src/sysmem.o
 .group         0x0000000000000000        0xc Src/sysmem.o
 .group         0x0000000000000000        0xc Src/sysmem.o
 .text          0x0000000000000000        0x0 Src/sysmem.o
 .data          0x0000000000000000        0x0 Src/sysmem.o
 .bss           0x0000000000000000        0x0 Src/sysmem.o
 .bss.heap_end.6424
                0x0000000000000000        0x4 Src/sysmem.o
 .text._sbrk    0x0000000000000000       0x58 Src/sysmem.o
 .debug_info    0x0000000000000000      0x91c Src/sysmem.o
 .debug_abbrev  0x0000000000000000      0x1bb Src/sysmem.o
 .debug_aranges
                0x0000000000000000       0x20 Src/sysmem.o
 .debug_ranges  0x0000000000000000       0x10 Src/sysmem.o
 .debug_macro   0x0000000000000000      0x1ae Src/sysmem.o
 .debug_macro   0x0000000000000000      0xa66 Src/sysmem.o
 .debug_macro   0x0000000000000000       0x10 Src/sysmem.o
 .debug_macro   0x0000000000000000       0x22 Src/sysmem.o
 .debug_macro   0x0000000000000000       0x40 Src/sysmem.o
 .debug_macro   0x0000000000000000       0x18 Src/sysmem.o
 .debug_macro   0x0000000000000000       0x94 Src/sysmem.o
 .debug_macro   0x0000000000000000       0x3c Src/sysmem.o
 .debug_macro   0x0000000000000000       0x34 Src/sysmem.o
 .debug_macro   0x0000000000000000      0x174 Src/sysmem.o
 .debug_macro   0x0000000000000000       0x57 Src/sysmem.o
 .debug_macro   0x0000000000000000       0x52 Src/sysmem.o
 .debug_macro   0x0000000000000000       0x1f Src/sysmem.o
 .debug_macro   0x0000000000000000       0x43 Src/sysmem.o
 .debug_macro   0x0000000000000000       0x20 Src/sysmem.o
 .debug_macro   0x0000000000000000      0x1a3 Src/sysmem.o
 .debug_macro   0x0000000000000000      0x23b Src/sysmem.o
 .debug_macro   0x0000000000000000       0x16 Src/sysmem.o
 .debug_macro   0x0000000000000000       0x35 Src/sysmem.o
 .debug_macro   0x0000000000000000      0x330 Src/sysmem.o
 .debug_macro   0x0000000000000000       0x10 Src/sysmem.o
 .debug_macro   0x0000000000000000       0x10 Src/sysmem.o
 .debug_macro   0x0000000000000000       0x6a Src/sysmem.o
 .debug_macro   0x0000000000000000       0x1c Src/sysmem.o
 .debug_macro   0x0000000000000000       0x52 Src/sysmem.o
 .debug_macro   0x0000000000000000       0x40 Src/sysmem.o
 .debug_macro   0x0000000000000000       0x10 Src/sysmem.o
 .debug_macro   0x0000000000000000       0x40 Src/sysmem.o
 .debug_macro   0x0000000000000000       0xd7 Src/sysmem.o
 .debug_macro   0x0000000000000000       0x1c Src/sysmem.o
 .debug_macro   0x0000000000000000       0x3d Src/sysmem.o
 .debug_macro   0x0000000000000000       0x16 Src/sysmem.o
 .debug_macro   0x0000000000000000      0x145 Src/sysmem.o
 .debug_line    0x0000000000000000      0x559 Src/sysmem.o
 .debug_str     0x0000000000000000     0x7b19 Src/sysmem.o
 .comment       0x0000000000000000       0x7c Src/sysmem.o
 .debug_frame   0x0000000000000000       0x34 Src/sysmem.o
 .ARM.attributes
                0x0000000000000000       0x39 Src/sysmem.o
 .text          0x0000000000000000       0x14 Startup/startup_stm32f407vgtx.o
 .data          0x0000000000000000        0x0 Startup/startup_stm32f407vgtx.o
 .bss           0x0000000000000000        0x0 Startup/startup_stm32f407vgtx.o
 .group         0x0000000000000000        0xc drivers/Src/stm32F407xx_ADC_driver.o
 .group         0x0000000000000000        0xc drivers/Src/stm32F407xx_ADC_driver.o
 .group         0x0000000000000000        0xc drivers/Src/stm32F407xx_ADC_driver.o
 .group         0x0000000000000000        0xc drivers/Src/stm32F407xx_ADC_driver.o
 .group         0x0000000000000000        0xc drivers/Src/stm32F407xx_ADC_driver.o
 .group         0x0000000000000000        0xc drivers/Src/stm32F407xx_ADC_driver.o
 .group         0x0000000000000000        0xc drivers/Src/stm32F407xx_ADC_driver.o
 .group         0x0000000000000000        0xc drivers/Src/stm32F407xx_ADC_driver.o
 .group         0x0000000000000000        0xc drivers/Src/stm32F407xx_ADC_driver.o
 .group         0x0000000000000000        0xc drivers/Src/stm32F407xx_ADC_driver.o
 .group         0x0000000000000000        0xc drivers/Src/stm32F407xx_ADC_driver.o
 .text          0x0000000000000000        0x0 drivers/Src/stm32F407xx_ADC_driver.o
 .data          0x0000000000000000        0x0 drivers/Src/stm32F407xx_ADC_driver.o
 .bss           0x0000000000000000        0x0 drivers/Src/stm32F407xx_ADC_driver.o
 .text.ADC_PeriClock
                0x0000000000000000       0xb0 drivers/Src/stm32F407xx_ADC_driver.o
 .text.ADC_Int  0x0000000000000000       0xb0 drivers/Src/stm32F407xx_ADC_driver.o
 .text.ADC_POWER_EnOrDi
                0x0000000000000000       0x38 drivers/Src/stm32F407xx_ADC_driver.o
 .text.ADC_Reg_Coversion_EnORDi
                0x0000000000000000       0x38 drivers/Src/stm32F407xx_ADC_driver.o
 .text.ADC_SCAN_MODE
                0x0000000000000000       0x34 drivers/Src/stm32F407xx_ADC_driver.o
 .text.ADC_CyclesPerSample
                0x0000000000000000       0x78 drivers/Src/stm32F407xx_ADC_driver.o
 .text.ADC_ReadRegularData
                0x0000000000000000       0x1c drivers/Src/stm32F407xx_ADC_driver.o
 .text.ADC_ReadInjectedData
                0x0000000000000000       0x28 drivers/Src/stm32F407xx_ADC_driver.o
 .text.ADC_CONFIG_WATCHDOG
                0x0000000000000000       0x28 drivers/Src/stm32F407xx_ADC_driver.o
 .text.ADC_Watchdog_CHSelect
                0x0000000000000000       0x24 drivers/Src/stm32F407xx_ADC_driver.o
 .text.ADC_RegularChannelConfig
                0x0000000000000000      0x1ae drivers/Src/stm32F407xx_ADC_driver.o
 .debug_info    0x0000000000000000      0x6c2 drivers/Src/stm32F407xx_ADC_driver.o
 .debug_abbrev  0x0000000000000000      0x12b drivers/Src/stm32F407xx_ADC_driver.o
 .debug_aranges
                0x0000000000000000       0x70 drivers/Src/stm32F407xx_ADC_driver.o
 .debug_ranges  0x0000000000000000       0x60 drivers/Src/stm32F407xx_ADC_driver.o
 .debug_macro   0x0000000000000000       0xa1 drivers/Src/stm32F407xx_ADC_driver.o
 .debug_macro   0x0000000000000000      0xa66 drivers/Src/stm32F407xx_ADC_driver.o
 .debug_macro   0x0000000000000000       0x22 drivers/Src/stm32F407xx_ADC_driver.o
 .debug_macro   0x0000000000000000       0x8e drivers/Src/stm32F407xx_ADC_driver.o
 .debug_macro   0x0000000000000000       0x51 drivers/Src/stm32F407xx_ADC_driver.o
 .debug_macro   0x0000000000000000       0xef drivers/Src/stm32F407xx_ADC_driver.o
 .debug_macro   0x0000000000000000       0x6a drivers/Src/stm32F407xx_ADC_driver.o
 .debug_macro   0x0000000000000000      0x1df drivers/Src/stm32F407xx_ADC_driver.o
 .debug_macro   0x0000000000000000      0x174 drivers/Src/stm32F407xx_ADC_driver.o
 .debug_macro   0x0000000000000000     0x166b drivers/Src/stm32F407xx_ADC_driver.o
 .debug_macro   0x0000000000000000      0x1f9 drivers/Src/stm32F407xx_ADC_driver.o
 .debug_macro   0x0000000000000000       0xc4 drivers/Src/stm32F407xx_ADC_driver.o
 .debug_line    0x0000000000000000      0x579 drivers/Src/stm32F407xx_ADC_driver.o
 .debug_str     0x0000000000000000     0x9daa drivers/Src/stm32F407xx_ADC_driver.o
 .comment       0x0000000000000000       0x7c drivers/Src/stm32F407xx_ADC_driver.o
 .debug_frame   0x0000000000000000      0x1c8 drivers/Src/stm32F407xx_ADC_driver.o
 .ARM.attributes
                0x0000000000000000       0x39 drivers/Src/stm32F407xx_ADC_driver.o
 .group         0x0000000000000000        0xc drivers/Src/stm32F407xx_I2C_driver.o
 .group         0x0000000000000000        0xc drivers/Src/stm32F407xx_I2C_driver.o
 .group         0x0000000000000000        0xc drivers/Src/stm32F407xx_I2C_driver.o
 .group         0x0000000000000000        0xc drivers/Src/stm32F407xx_I2C_driver.o
 .group         0x0000000000000000        0xc drivers/Src/stm32F407xx_I2C_driver.o
 .group         0x0000000000000000        0xc drivers/Src/stm32F407xx_I2C_driver.o
 .group         0x0000000000000000        0xc drivers/Src/stm32F407xx_I2C_driver.o
 .group         0x0000000000000000        0xc drivers/Src/stm32F407xx_I2C_driver.o
 .group         0x0000000000000000        0xc drivers/Src/stm32F407xx_I2C_driver.o
 .group         0x0000000000000000        0xc drivers/Src/stm32F407xx_I2C_driver.o
 .group         0x0000000000000000        0xc drivers/Src/stm32F407xx_I2C_driver.o
 .text          0x0000000000000000        0x0 drivers/Src/stm32F407xx_I2C_driver.o
 .data          0x0000000000000000        0x0 drivers/Src/stm32F407xx_I2C_driver.o
 .bss           0x0000000000000000        0x0 drivers/Src/stm32F407xx_I2C_driver.o
 .text.I2C_DeInit
                0x0000000000000000       0x14 drivers/Src/stm32F407xx_I2C_driver.o
 .text.I2C_MasterReceiveData
                0x0000000000000000      0x124 drivers/Src/stm32F407xx_I2C_driver.o
 .text.I2C_MasterSendDataIT
                0x0000000000000000       0x86 drivers/Src/stm32F407xx_I2C_driver.o
 .text.I2C_MasterReceiveDataIT
                0x0000000000000000       0x94 drivers/Src/stm32F407xx_I2C_driver.o
 .text.I2C_IRQInterruptConfig
                0x0000000000000000      0x100 drivers/Src/stm32F407xx_I2C_driver.o
 .text.I2C_IRQPriorityConfig
                0x0000000000000000       0x54 drivers/Src/stm32F407xx_I2C_driver.o
 .text.I2C_EV_IRQHandling
                0x0000000000000000      0x1b8 drivers/Src/stm32F407xx_I2C_driver.o
 .text.I2C_ER_IRQHandling
                0x0000000000000000      0x10c drivers/Src/stm32F407xx_I2C_driver.o
 .text.I2C_MasterHandleTXEInterrupt
                0x0000000000000000       0x62 drivers/Src/stm32F407xx_I2C_driver.o
 .text.I2C_MasterHandleRXNEInterrupt
                0x0000000000000000       0x98 drivers/Src/stm32F407xx_I2C_driver.o
 .text.I2C_ExecuteAddressPhaseRead
                0x0000000000000000       0x2c drivers/Src/stm32F407xx_I2C_driver.o
 .text.I2C_SlaveEnableDisableCallbackEvents
                0x0000000000000000       0x68 drivers/Src/stm32F407xx_I2C_driver.o
 .text.I2C_CloseReceiveData
                0x0000000000000000       0x5c drivers/Src/stm32F407xx_I2C_driver.o
 .text.I2C_CloseSendData
                0x0000000000000000       0x46 drivers/Src/stm32F407xx_I2C_driver.o
 .text.I2C_SlaveSendData
                0x0000000000000000       0x1e drivers/Src/stm32F407xx_I2C_driver.o
 .text.I2C_SlaveReceiveData
                0x0000000000000000       0x1a drivers/Src/stm32F407xx_I2C_driver.o
 .debug_macro   0x0000000000000000      0xa66 drivers/Src/stm32F407xx_I2C_driver.o
 .debug_macro   0x0000000000000000       0x22 drivers/Src/stm32F407xx_I2C_driver.o
 .debug_macro   0x0000000000000000       0x8e drivers/Src/stm32F407xx_I2C_driver.o
 .debug_macro   0x0000000000000000       0x51 drivers/Src/stm32F407xx_I2C_driver.o
 .debug_macro   0x0000000000000000       0xef drivers/Src/stm32F407xx_I2C_driver.o
 .debug_macro   0x0000000000000000       0x6a drivers/Src/stm32F407xx_I2C_driver.o
 .debug_macro   0x0000000000000000      0x1df drivers/Src/stm32F407xx_I2C_driver.o
 .debug_macro   0x0000000000000000      0x174 drivers/Src/stm32F407xx_I2C_driver.o
 .group         0x0000000000000000        0xc drivers/Src/stm32F407xx_RCC_driver.o
 .group         0x0000000000000000        0xc drivers/Src/stm32F407xx_RCC_driver.o
 .group         0x0000000000000000        0xc drivers/Src/stm32F407xx_RCC_driver.o
 .group         0x0000000000000000        0xc drivers/Src/stm32F407xx_RCC_driver.o
 .group         0x0000000000000000        0xc drivers/Src/stm32F407xx_RCC_driver.o
 .group         0x0000000000000000        0xc drivers/Src/stm32F407xx_RCC_driver.o
 .group         0x0000000000000000        0xc drivers/Src/stm32F407xx_RCC_driver.o
 .group         0x0000000000000000        0xc drivers/Src/stm32F407xx_RCC_driver.o
 .group         0x0000000000000000        0xc drivers/Src/stm32F407xx_RCC_driver.o
 .group         0x0000000000000000        0xc drivers/Src/stm32F407xx_RCC_driver.o
 .text          0x0000000000000000        0x0 drivers/Src/stm32F407xx_RCC_driver.o
 .data          0x0000000000000000        0x0 drivers/Src/stm32F407xx_RCC_driver.o
 .bss           0x0000000000000000        0x0 drivers/Src/stm32F407xx_RCC_driver.o
 .text.RCC_getPCLK2Value
                0x0000000000000000       0xa4 drivers/Src/stm32F407xx_RCC_driver.o
 .text.RCC_OsclatorConfig
                0x0000000000000000       0x78 drivers/Src/stm32F407xx_RCC_driver.o
 .text.RCC_ClkConfig
                0x0000000000000000       0x48 drivers/Src/stm32F407xx_RCC_driver.o
 .text.RCC_MOC_Config
                0x0000000000000000       0x58 drivers/Src/stm32F407xx_RCC_driver.o
 .text.RCC_RTC_Config
                0x0000000000000000       0x38 drivers/Src/stm32F407xx_RCC_driver.o
 .debug_macro   0x0000000000000000      0xa66 drivers/Src/stm32F407xx_RCC_driver.o
 .debug_macro   0x0000000000000000       0x22 drivers/Src/stm32F407xx_RCC_driver.o
 .debug_macro   0x0000000000000000       0x8e drivers/Src/stm32F407xx_RCC_driver.o
 .debug_macro   0x0000000000000000       0x51 drivers/Src/stm32F407xx_RCC_driver.o
 .debug_macro   0x0000000000000000       0xef drivers/Src/stm32F407xx_RCC_driver.o
 .debug_macro   0x0000000000000000       0x6a drivers/Src/stm32F407xx_RCC_driver.o
 .debug_macro   0x0000000000000000      0x1df drivers/Src/stm32F407xx_RCC_driver.o
 .debug_macro   0x0000000000000000      0x174 drivers/Src/stm32F407xx_RCC_driver.o
 .debug_macro   0x0000000000000000     0x166b drivers/Src/stm32F407xx_RCC_driver.o
 .debug_macro   0x0000000000000000      0x23b drivers/Src/stm32F407xx_RCC_driver.o
 .group         0x0000000000000000        0xc drivers/Src/stm32F407xx_SPI_driver.o
 .group         0x0000000000000000        0xc drivers/Src/stm32F407xx_SPI_driver.o
 .group         0x0000000000000000        0xc drivers/Src/stm32F407xx_SPI_driver.o
 .group         0x0000000000000000        0xc drivers/Src/stm32F407xx_SPI_driver.o
 .group         0x0000000000000000        0xc drivers/Src/stm32F407xx_SPI_driver.o
 .group         0x0000000000000000        0xc drivers/Src/stm32F407xx_SPI_driver.o
 .group         0x0000000000000000        0xc drivers/Src/stm32F407xx_SPI_driver.o
 .group         0x0000000000000000        0xc drivers/Src/stm32F407xx_SPI_driver.o
 .group         0x0000000000000000        0xc drivers/Src/stm32F407xx_SPI_driver.o
 .group         0x0000000000000000        0xc drivers/Src/stm32F407xx_SPI_driver.o
 .text          0x0000000000000000        0x0 drivers/Src/stm32F407xx_SPI_driver.o
 .data          0x0000000000000000        0x0 drivers/Src/stm32F407xx_SPI_driver.o
 .bss           0x0000000000000000        0x0 drivers/Src/stm32F407xx_SPI_driver.o
 .text.SPI_PeriClockControl
                0x0000000000000000       0xe0 drivers/Src/stm32F407xx_SPI_driver.o
 .text.SPI_Init
                0x0000000000000000       0xae drivers/Src/stm32F407xx_SPI_driver.o
 .text.SPI_DeInt
                0x0000000000000000       0xb0 drivers/Src/stm32F407xx_SPI_driver.o
 .text.SPI_GetFlagStatus
                0x0000000000000000       0x28 drivers/Src/stm32F407xx_SPI_driver.o
 .text.SPI_SendData
                0x0000000000000000       0x6c drivers/Src/stm32F407xx_SPI_driver.o
 .text.SPI_ReceiveData
                0x0000000000000000       0x6c drivers/Src/stm32F407xx_SPI_driver.o
 .text.SPI_IRQInterruptConfig
                0x0000000000000000      0x100 drivers/Src/stm32F407xx_SPI_driver.o
 .text.SPI_IRQPriorityConfig
                0x0000000000000000       0x54 drivers/Src/stm32F407xx_SPI_driver.o
 .text.SPI_PeripheralControl
                0x0000000000000000       0x38 drivers/Src/stm32F407xx_SPI_driver.o
 .text.SPI_SSIConfig
                0x0000000000000000       0x38 drivers/Src/stm32F407xx_SPI_driver.o
 .text.SPI_SSOEConfig
                0x0000000000000000       0x38 drivers/Src/stm32F407xx_SPI_driver.o
 .text.SPI_SendDataIT
                0x0000000000000000       0x48 drivers/Src/stm32F407xx_SPI_driver.o
 .text.SPI_ReceiveDataIT
                0x0000000000000000       0x48 drivers/Src/stm32F407xx_SPI_driver.o
 .text.SPI_IRQHandling
                0x0000000000000000       0x9a drivers/Src/stm32F407xx_SPI_driver.o
 .text.spi_txe_interrupt_handle
                0x0000000000000000       0x80 drivers/Src/stm32F407xx_SPI_driver.o
 .text.spi_rxne_interrupt_handle
                0x0000000000000000       0x84 drivers/Src/stm32F407xx_SPI_driver.o
 .text.spi_ovr_err_interrupt_handle
                0x0000000000000000       0x30 drivers/Src/stm32F407xx_SPI_driver.o
 .text.SPI_CloseTransmisson
                0x0000000000000000       0x36 drivers/Src/stm32F407xx_SPI_driver.o
 .text.SPI_CloseReception
                0x0000000000000000       0x36 drivers/Src/stm32F407xx_SPI_driver.o
 .text.SPI_ClearOVRFlag
                0x0000000000000000       0x20 drivers/Src/stm32F407xx_SPI_driver.o
 .text.SPI_ApplicationEventCallback
                0x0000000000000000       0x18 drivers/Src/stm32F407xx_SPI_driver.o
 .debug_info    0x0000000000000000      0x8a9 drivers/Src/stm32F407xx_SPI_driver.o
 .debug_abbrev  0x0000000000000000      0x1d7 drivers/Src/stm32F407xx_SPI_driver.o
 .debug_aranges
                0x0000000000000000       0xc0 drivers/Src/stm32F407xx_SPI_driver.o
 .debug_ranges  0x0000000000000000       0xb0 drivers/Src/stm32F407xx_SPI_driver.o
 .debug_macro   0x0000000000000000       0x8e drivers/Src/stm32F407xx_SPI_driver.o
 .debug_macro   0x0000000000000000      0xa66 drivers/Src/stm32F407xx_SPI_driver.o
 .debug_macro   0x0000000000000000       0x22 drivers/Src/stm32F407xx_SPI_driver.o
 .debug_macro   0x0000000000000000       0x8e drivers/Src/stm32F407xx_SPI_driver.o
 .debug_macro   0x0000000000000000       0x51 drivers/Src/stm32F407xx_SPI_driver.o
 .debug_macro   0x0000000000000000       0xef drivers/Src/stm32F407xx_SPI_driver.o
 .debug_macro   0x0000000000000000       0x6a drivers/Src/stm32F407xx_SPI_driver.o
 .debug_macro   0x0000000000000000      0x1df drivers/Src/stm32F407xx_SPI_driver.o
 .debug_macro   0x0000000000000000      0x174 drivers/Src/stm32F407xx_SPI_driver.o
 .debug_macro   0x0000000000000000     0x166b drivers/Src/stm32F407xx_SPI_driver.o
 .debug_macro   0x0000000000000000       0xeb drivers/Src/stm32F407xx_SPI_driver.o
 .debug_line    0x0000000000000000      0x6a2 drivers/Src/stm32F407xx_SPI_driver.o
 .debug_str     0x0000000000000000     0x9922 drivers/Src/stm32F407xx_SPI_driver.o
 .comment       0x0000000000000000       0x7c drivers/Src/stm32F407xx_SPI_driver.o
 .debug_frame   0x0000000000000000      0x340 drivers/Src/stm32F407xx_SPI_driver.o
 .ARM.attributes
                0x0000000000000000       0x39 drivers/Src/stm32F407xx_SPI_driver.o
 .group         0x0000000000000000        0xc drivers/Src/stm32F407xx_TIM_driver.o
 .group         0x0000000000000000        0xc drivers/Src/stm32F407xx_TIM_driver.o
 .group         0x0000000000000000        0xc drivers/Src/stm32F407xx_TIM_driver.o
 .group         0x0000000000000000        0xc drivers/Src/stm32F407xx_TIM_driver.o
 .group         0x0000000000000000        0xc drivers/Src/stm32F407xx_TIM_driver.o
 .group         0x0000000000000000        0xc drivers/Src/stm32F407xx_TIM_driver.o
 .group         0x0000000000000000        0xc drivers/Src/stm32F407xx_TIM_driver.o
 .group         0x0000000000000000        0xc drivers/Src/stm32F407xx_TIM_driver.o
 .group         0x0000000000000000        0xc drivers/Src/stm32F407xx_TIM_driver.o
 .group         0x0000000000000000        0xc drivers/Src/stm32F407xx_TIM_driver.o
 .text          0x0000000000000000        0x0 drivers/Src/stm32F407xx_TIM_driver.o
 .data          0x0000000000000000        0x0 drivers/Src/stm32F407xx_TIM_driver.o
 .bss           0x0000000000000000        0x0 drivers/Src/stm32F407xx_TIM_driver.o
 .text.TIM_PeriClockControl
                0x0000000000000000      0x2d0 drivers/Src/stm32F407xx_TIM_driver.o
 .text.TIM_BASE_Init
                0x0000000000000000       0x92 drivers/Src/stm32F407xx_TIM_driver.o
 .text.TIM_COUNTER_EnOrDi
                0x0000000000000000       0x38 drivers/Src/stm32F407xx_TIM_driver.o
 .text.TIMx_IC_Config
                0x0000000000000000      0x2ae drivers/Src/stm32F407xx_TIM_driver.o
 .text.TIMx_IC_EnOrDi
                0x0000000000000000       0xaa drivers/Src/stm32F407xx_TIM_driver.o
 .text.TIMx_IC_WithIT_EnOrDi
                0x0000000000000000       0xfa drivers/Src/stm32F407xx_TIM_driver.o
 .text.TIM_IC_Read
                0x0000000000000000       0x5e drivers/Src/stm32F407xx_TIM_driver.o
 .text.TIMx_PWM_IC_Config
                0x0000000000000000       0xd8 drivers/Src/stm32F407xx_TIM_driver.o
 .text.TIM_OC_Int
                0x0000000000000000      0x1fc drivers/Src/stm32F407xx_TIM_driver.o
 .text.TIM_OC_EnOrDi
                0x0000000000000000       0xaa drivers/Src/stm32F407xx_TIM_driver.o
 .text.TIM_OC_EnOrDi_WithIT
                0x0000000000000000       0xfa drivers/Src/stm32F407xx_TIM_driver.o
 .text.TIM_PWM_Init
                0x0000000000000000      0x4e4 drivers/Src/stm32F407xx_TIM_driver.o
 .text.PWM_Start
                0x0000000000000000       0x2c drivers/Src/stm32F407xx_TIM_driver.o
 .text.TIM_OnePulseMode_Init
                0x0000000000000000      0x1e8 drivers/Src/stm32F407xx_TIM_driver.o
 .text.TIM_SlaveController_Int
                0x0000000000000000      0x106 drivers/Src/stm32F407xx_TIM_driver.o
 .text.TIM_IRQInterruptConfig
                0x0000000000000000      0x10c drivers/Src/stm32F407xx_TIM_driver.o
 .text.TIM_IRQPriorityConfig
                0x0000000000000000       0x54 drivers/Src/stm32F407xx_TIM_driver.o
 .text.TIM_BASIC_IRQ_HANDLER
                0x0000000000000000       0x26 drivers/Src/stm32F407xx_TIM_driver.o
 .text.TIM_ClearFlag
                0x0000000000000000       0x26 drivers/Src/stm32F407xx_TIM_driver.o
 .text.TIMx_Error
                0x0000000000000000        0xe drivers/Src/stm32F407xx_TIM_driver.o
 .text.TIM_OnePulse_Start
                0x0000000000000000       0x22 drivers/Src/stm32F407xx_TIM_driver.o
 .text.TIM_ClockConfig
                0x0000000000000000      0x2b8 drivers/Src/stm32F407xx_TIM_driver.o
 .text.TIM_SlaveController_Config
                0x0000000000000000       0xac drivers/Src/stm32F407xx_TIM_driver.o
 .debug_info    0x0000000000000000      0xbe4 drivers/Src/stm32F407xx_TIM_driver.o
 .debug_abbrev  0x0000000000000000      0x192 drivers/Src/stm32F407xx_TIM_driver.o
 .debug_aranges
                0x0000000000000000       0xd0 drivers/Src/stm32F407xx_TIM_driver.o
 .debug_ranges  0x0000000000000000       0xc0 drivers/Src/stm32F407xx_TIM_driver.o
 .debug_macro   0x0000000000000000       0x8e drivers/Src/stm32F407xx_TIM_driver.o
 .debug_macro   0x0000000000000000      0xa66 drivers/Src/stm32F407xx_TIM_driver.o
 .debug_macro   0x0000000000000000       0x22 drivers/Src/stm32F407xx_TIM_driver.o
 .debug_macro   0x0000000000000000       0x8e drivers/Src/stm32F407xx_TIM_driver.o
 .debug_macro   0x0000000000000000       0x51 drivers/Src/stm32F407xx_TIM_driver.o
 .debug_macro   0x0000000000000000       0xef drivers/Src/stm32F407xx_TIM_driver.o
 .debug_macro   0x0000000000000000       0x6a drivers/Src/stm32F407xx_TIM_driver.o
 .debug_macro   0x0000000000000000      0x1df drivers/Src/stm32F407xx_TIM_driver.o
 .debug_macro   0x0000000000000000      0x174 drivers/Src/stm32F407xx_TIM_driver.o
 .debug_macro   0x0000000000000000     0x166b drivers/Src/stm32F407xx_TIM_driver.o
 .debug_macro   0x0000000000000000      0x249 drivers/Src/stm32F407xx_TIM_driver.o
 .debug_line    0x0000000000000000      0x95c drivers/Src/stm32F407xx_TIM_driver.o
 .debug_str     0x0000000000000000     0xa0c3 drivers/Src/stm32F407xx_TIM_driver.o
 .comment       0x0000000000000000       0x7c drivers/Src/stm32F407xx_TIM_driver.o
 .debug_frame   0x0000000000000000      0x394 drivers/Src/stm32F407xx_TIM_driver.o
 .ARM.attributes
                0x0000000000000000       0x39 drivers/Src/stm32F407xx_TIM_driver.o
 .group         0x0000000000000000        0xc drivers/Src/stm32F407xx__USART_driver.o
 .group         0x0000000000000000        0xc drivers/Src/stm32F407xx__USART_driver.o
 .group         0x0000000000000000        0xc drivers/Src/stm32F407xx__USART_driver.o
 .group         0x0000000000000000        0xc drivers/Src/stm32F407xx__USART_driver.o
 .group         0x0000000000000000        0xc drivers/Src/stm32F407xx__USART_driver.o
 .group         0x0000000000000000        0xc drivers/Src/stm32F407xx__USART_driver.o
 .group         0x0000000000000000        0xc drivers/Src/stm32F407xx__USART_driver.o
 .group         0x0000000000000000        0xc drivers/Src/stm32F407xx__USART_driver.o
 .group         0x0000000000000000        0xc drivers/Src/stm32F407xx__USART_driver.o
 .group         0x0000000000000000        0xc drivers/Src/stm32F407xx__USART_driver.o
 .group         0x0000000000000000        0xc drivers/Src/stm32F407xx__USART_driver.o
 .text          0x0000000000000000        0x0 drivers/Src/stm32F407xx__USART_driver.o
 .data          0x0000000000000000        0x0 drivers/Src/stm32F407xx__USART_driver.o
 .bss           0x0000000000000000        0x0 drivers/Src/stm32F407xx__USART_driver.o
 .text.USART_PeriClockControl
                0x0000000000000000      0x140 drivers/Src/stm32F407xx__USART_driver.o
 .text.USART_DeInit
                0x0000000000000000       0xfc drivers/Src/stm32F407xx__USART_driver.o
 .text.USART_Init
                0x0000000000000000      0x106 drivers/Src/stm32F407xx__USART_driver.o
 .text.USART_SendData
                0x0000000000000000       0x9a drivers/Src/stm32F407xx__USART_driver.o
 .text.USART_ReceiveData
                0x0000000000000000       0xae drivers/Src/stm32F407xx__USART_driver.o
 .text.USART_SendDataIT
                0x0000000000000000       0x5c drivers/Src/stm32F407xx__USART_driver.o
 .text.USART_ReceiveDataIT
                0x0000000000000000       0x52 drivers/Src/stm32F407xx__USART_driver.o
 .text.USART_IRQInterruptConfig
                0x0000000000000000      0x10c drivers/Src/stm32F407xx__USART_driver.o
 .text.USART_IRQPriorityConfig
                0x0000000000000000       0x54 drivers/Src/stm32F407xx__USART_driver.o
 .text.USART_IRQHandling
                0x0000000000000000      0x344 drivers/Src/stm32F407xx__USART_driver.o
 .text.USART_SetBaudRate
                0x0000000000000000       0xe4 drivers/Src/stm32F407xx__USART_driver.o
 .text.USART_PeripheralControl
                0x0000000000000000       0x38 drivers/Src/stm32F407xx__USART_driver.o
 .text.USART_GetFlagStatus
                0x0000000000000000       0x2a drivers/Src/stm32F407xx__USART_driver.o
 .text.USART_ClearFlag
                0x0000000000000000       0x26 drivers/Src/stm32F407xx__USART_driver.o
 .text.USART_ApplicationEventCallback
                0x0000000000000000       0x18 drivers/Src/stm32F407xx__USART_driver.o
 .debug_info    0x0000000000000000      0x834 drivers/Src/stm32F407xx__USART_driver.o
 .debug_abbrev  0x0000000000000000      0x1ac drivers/Src/stm32F407xx__USART_driver.o
 .debug_aranges
                0x0000000000000000       0x90 drivers/Src/stm32F407xx__USART_driver.o
 .debug_ranges  0x0000000000000000       0x80 drivers/Src/stm32F407xx__USART_driver.o
 .debug_macro   0x0000000000000000       0x93 drivers/Src/stm32F407xx__USART_driver.o
 .debug_macro   0x0000000000000000      0xa66 drivers/Src/stm32F407xx__USART_driver.o
 .debug_macro   0x0000000000000000       0x22 drivers/Src/stm32F407xx__USART_driver.o
 .debug_macro   0x0000000000000000       0x8e drivers/Src/stm32F407xx__USART_driver.o
 .debug_macro   0x0000000000000000       0x51 drivers/Src/stm32F407xx__USART_driver.o
 .debug_macro   0x0000000000000000       0xef drivers/Src/stm32F407xx__USART_driver.o
 .debug_macro   0x0000000000000000       0x6a drivers/Src/stm32F407xx__USART_driver.o
 .debug_macro   0x0000000000000000      0x1df drivers/Src/stm32F407xx__USART_driver.o
 .debug_macro   0x0000000000000000      0x174 drivers/Src/stm32F407xx__USART_driver.o
 .debug_macro   0x0000000000000000     0x166b drivers/Src/stm32F407xx__USART_driver.o
 .debug_macro   0x0000000000000000      0x106 drivers/Src/stm32F407xx__USART_driver.o
 .debug_macro   0x0000000000000000      0x241 drivers/Src/stm32F407xx__USART_driver.o
 .debug_line    0x0000000000000000      0x6fc drivers/Src/stm32F407xx__USART_driver.o
 .debug_str     0x0000000000000000     0xa1ad drivers/Src/stm32F407xx__USART_driver.o
 .comment       0x0000000000000000       0x7c drivers/Src/stm32F407xx__USART_driver.o
 .debug_frame   0x0000000000000000      0x258 drivers/Src/stm32F407xx__USART_driver.o
 .ARM.attributes
                0x0000000000000000       0x39 drivers/Src/stm32F407xx__USART_driver.o
 .group         0x0000000000000000        0xc drivers/Src/stm32F407xx_gpio_driver.o
 .group         0x0000000000000000        0xc drivers/Src/stm32F407xx_gpio_driver.o
 .group         0x0000000000000000        0xc drivers/Src/stm32F407xx_gpio_driver.o
 .group         0x0000000000000000        0xc drivers/Src/stm32F407xx_gpio_driver.o
 .group         0x0000000000000000        0xc drivers/Src/stm32F407xx_gpio_driver.o
 .group         0x0000000000000000        0xc drivers/Src/stm32F407xx_gpio_driver.o
 .group         0x0000000000000000        0xc drivers/Src/stm32F407xx_gpio_driver.o
 .group         0x0000000000000000        0xc drivers/Src/stm32F407xx_gpio_driver.o
 .group         0x0000000000000000        0xc drivers/Src/stm32F407xx_gpio_driver.o
 .group         0x0000000000000000        0xc drivers/Src/stm32F407xx_gpio_driver.o
 .text          0x0000000000000000        0x0 drivers/Src/stm32F407xx_gpio_driver.o
 .data          0x0000000000000000        0x0 drivers/Src/stm32F407xx_gpio_driver.o
 .bss           0x0000000000000000        0x0 drivers/Src/stm32F407xx_gpio_driver.o
 .text.GPIO_DeInt
                0x0000000000000000      0x148 drivers/Src/stm32F407xx_gpio_driver.o
 .text.GPIO_ReadFromInputPort
                0x0000000000000000       0x1c drivers/Src/stm32F407xx_gpio_driver.o
 .text.GPIO_WriteToOutputPin
                0x0000000000000000       0x4a drivers/Src/stm32F407xx_gpio_driver.o
 .text.GPIO_WriteToOutputPort
                0x0000000000000000       0x1e drivers/Src/stm32F407xx_gpio_driver.o
 .text.GPIO_ToggleOutputPin
                0x0000000000000000       0x2a drivers/Src/stm32F407xx_gpio_driver.o
 .text.GPIO_IRQInterruptConfig
                0x0000000000000000      0x100 drivers/Src/stm32F407xx_gpio_driver.o
 .text.GPIO_IRQPriorityConfig
                0x0000000000000000       0x54 drivers/Src/stm32F407xx_gpio_driver.o
 .text.GPIO_IRQHandling
                0x0000000000000000       0x40 drivers/Src/stm32F407xx_gpio_driver.o
 .debug_macro   0x0000000000000000      0xa66 drivers/Src/stm32F407xx_gpio_driver.o
 .debug_macro   0x0000000000000000       0x22 drivers/Src/stm32F407xx_gpio_driver.o
 .debug_macro   0x0000000000000000       0x8e drivers/Src/stm32F407xx_gpio_driver.o
 .debug_macro   0x0000000000000000       0x51 drivers/Src/stm32F407xx_gpio_driver.o
 .debug_macro   0x0000000000000000       0xef drivers/Src/stm32F407xx_gpio_driver.o
 .debug_macro   0x0000000000000000       0x6a drivers/Src/stm32F407xx_gpio_driver.o
 .debug_macro   0x0000000000000000      0x1df drivers/Src/stm32F407xx_gpio_driver.o
 .debug_macro   0x0000000000000000      0x174 drivers/Src/stm32F407xx_gpio_driver.o
 .debug_macro   0x0000000000000000     0x166b drivers/Src/stm32F407xx_gpio_driver.o
 .debug_macro   0x0000000000000000       0xc4 drivers/Src/stm32F407xx_gpio_driver.o
 .text          0x0000000000000000        0x0 c:/st/stm32cubeide_1.3.0/stm32cubeide/plugins/com.st.stm32cube.ide.mcu.externaltools.gnu-tools-for-stm32.7-2018-q2-update.win32_1.4.0.202007081208/tools/bin/../lib/gcc/arm-none-eabi/7.3.1/../../../../arm-none-eabi/lib/thumb/v7e-m/fpv4-sp/hard\libc_nano.a(lib_a-errno.o)
 .data          0x0000000000000000        0x0 c:/st/stm32cubeide_1.3.0/stm32cubeide/plugins/com.st.stm32cube.ide.mcu.externaltools.gnu-tools-for-stm32.7-2018-q2-update.win32_1.4.0.202007081208/tools/bin/../lib/gcc/arm-none-eabi/7.3.1/../../../../arm-none-eabi/lib/thumb/v7e-m/fpv4-sp/hard\libc_nano.a(lib_a-errno.o)
 .bss           0x0000000000000000        0x0 c:/st/stm32cubeide_1.3.0/stm32cubeide/plugins/com.st.stm32cube.ide.mcu.externaltools.gnu-tools-for-stm32.7-2018-q2-update.win32_1.4.0.202007081208/tools/bin/../lib/gcc/arm-none-eabi/7.3.1/../../../../arm-none-eabi/lib/thumb/v7e-m/fpv4-sp/hard\libc_nano.a(lib_a-errno.o)
 .text.__errno  0x0000000000000000        0xc c:/st/stm32cubeide_1.3.0/stm32cubeide/plugins/com.st.stm32cube.ide.mcu.externaltools.gnu-tools-for-stm32.7-2018-q2-update.win32_1.4.0.202007081208/tools/bin/../lib/gcc/arm-none-eabi/7.3.1/../../../../arm-none-eabi/lib/thumb/v7e-m/fpv4-sp/hard\libc_nano.a(lib_a-errno.o)
 .debug_frame   0x0000000000000000       0x20 c:/st/stm32cubeide_1.3.0/stm32cubeide/plugins/com.st.stm32cube.ide.mcu.externaltools.gnu-tools-for-stm32.7-2018-q2-update.win32_1.4.0.202007081208/tools/bin/../lib/gcc/arm-none-eabi/7.3.1/../../../../arm-none-eabi/lib/thumb/v7e-m/fpv4-sp/hard\libc_nano.a(lib_a-errno.o)
 .ARM.attributes
                0x0000000000000000       0x34 c:/st/stm32cubeide_1.3.0/stm32cubeide/plugins/com.st.stm32cube.ide.mcu.externaltools.gnu-tools-for-stm32.7-2018-q2-update.win32_1.4.0.202007081208/tools/bin/../lib/gcc/arm-none-eabi/7.3.1/../../../../arm-none-eabi/lib/thumb/v7e-m/fpv4-sp/hard\libc_nano.a(lib_a-errno.o)
 .text          0x0000000000000000        0x0 c:/st/stm32cubeide_1.3.0/stm32cubeide/plugins/com.st.stm32cube.ide.mcu.externaltools.gnu-tools-for-stm32.7-2018-q2-update.win32_1.4.0.202007081208/tools/bin/../lib/gcc/arm-none-eabi/7.3.1/../../../../arm-none-eabi/lib/thumb/v7e-m/fpv4-sp/hard\libc_nano.a(lib_a-exit.o)
 .data          0x0000000000000000        0x0 c:/st/stm32cubeide_1.3.0/stm32cubeide/plugins/com.st.stm32cube.ide.mcu.externaltools.gnu-tools-for-stm32.7-2018-q2-update.win32_1.4.0.202007081208/tools/bin/../lib/gcc/arm-none-eabi/7.3.1/../../../../arm-none-eabi/lib/thumb/v7e-m/fpv4-sp/hard\libc_nano.a(lib_a-exit.o)
 .bss           0x0000000000000000        0x0 c:/st/stm32cubeide_1.3.0/stm32cubeide/plugins/com.st.stm32cube.ide.mcu.externaltools.gnu-tools-for-stm32.7-2018-q2-update.win32_1.4.0.202007081208/tools/bin/../lib/gcc/arm-none-eabi/7.3.1/../../../../arm-none-eabi/lib/thumb/v7e-m/fpv4-sp/hard\libc_nano.a(lib_a-exit.o)
 .text.exit     0x0000000000000000       0x28 c:/st/stm32cubeide_1.3.0/stm32cubeide/plugins/com.st.stm32cube.ide.mcu.externaltools.gnu-tools-for-stm32.7-2018-q2-update.win32_1.4.0.202007081208/tools/bin/../lib/gcc/arm-none-eabi/7.3.1/../../../../arm-none-eabi/lib/thumb/v7e-m/fpv4-sp/hard\libc_nano.a(lib_a-exit.o)
 .debug_frame   0x0000000000000000       0x28 c:/st/stm32cubeide_1.3.0/stm32cubeide/plugins/com.st.stm32cube.ide.mcu.externaltools.gnu-tools-for-stm32.7-2018-q2-update.win32_1.4.0.202007081208/tools/bin/../lib/gcc/arm-none-eabi/7.3.1/../../../../arm-none-eabi/lib/thumb/v7e-m/fpv4-sp/hard\libc_nano.a(lib_a-exit.o)
 .ARM.attributes
                0x0000000000000000       0x34 c:/st/stm32cubeide_1.3.0/stm32cubeide/plugins/com.st.stm32cube.ide.mcu.externaltools.gnu-tools-for-stm32.7-2018-q2-update.win32_1.4.0.202007081208/tools/bin/../lib/gcc/arm-none-eabi/7.3.1/../../../../arm-none-eabi/lib/thumb/v7e-m/fpv4-sp/hard\libc_nano.a(lib_a-exit.o)
 .text          0x0000000000000000        0x0 c:/st/stm32cubeide_1.3.0/stm32cubeide/plugins/com.st.stm32cube.ide.mcu.externaltools.gnu-tools-for-stm32.7-2018-q2-update.win32_1.4.0.202007081208/tools/bin/../lib/gcc/arm-none-eabi/7.3.1/../../../../arm-none-eabi/lib/thumb/v7e-m/fpv4-sp/hard\libc_nano.a(lib_a-impure.o)
 .data          0x0000000000000000        0x0 c:/st/stm32cubeide_1.3.0/stm32cubeide/plugins/com.st.stm32cube.ide.mcu.externaltools.gnu-tools-for-stm32.7-2018-q2-update.win32_1.4.0.202007081208/tools/bin/../lib/gcc/arm-none-eabi/7.3.1/../../../../arm-none-eabi/lib/thumb/v7e-m/fpv4-sp/hard\libc_nano.a(lib_a-impure.o)
 .bss           0x0000000000000000        0x0 c:/st/stm32cubeide_1.3.0/stm32cubeide/plugins/com.st.stm32cube.ide.mcu.externaltools.gnu-tools-for-stm32.7-2018-q2-update.win32_1.4.0.202007081208/tools/bin/../lib/gcc/arm-none-eabi/7.3.1/../../../../arm-none-eabi/lib/thumb/v7e-m/fpv4-sp/hard\libc_nano.a(lib_a-impure.o)
 .data._impure_ptr
                0x0000000000000000        0x4 c:/st/stm32cubeide_1.3.0/stm32cubeide/plugins/com.st.stm32cube.ide.mcu.externaltools.gnu-tools-for-stm32.7-2018-q2-update.win32_1.4.0.202007081208/tools/bin/../lib/gcc/arm-none-eabi/7.3.1/../../../../arm-none-eabi/lib/thumb/v7e-m/fpv4-sp/hard\libc_nano.a(lib_a-impure.o)
 .data.impure_data
                0x0000000000000000       0x60 c:/st/stm32cubeide_1.3.0/stm32cubeide/plugins/com.st.stm32cube.ide.mcu.externaltools.gnu-tools-for-stm32.7-2018-q2-update.win32_1.4.0.202007081208/tools/bin/../lib/gcc/arm-none-eabi/7.3.1/../../../../arm-none-eabi/lib/thumb/v7e-m/fpv4-sp/hard\libc_nano.a(lib_a-impure.o)
 .rodata._global_impure_ptr
                0x0000000000000000        0x4 c:/st/stm32cubeide_1.3.0/stm32cubeide/plugins/com.st.stm32cube.ide.mcu.externaltools.gnu-tools-for-stm32.7-2018-q2-update.win32_1.4.0.202007081208/tools/bin/../lib/gcc/arm-none-eabi/7.3.1/../../../../arm-none-eabi/lib/thumb/v7e-m/fpv4-sp/hard\libc_nano.a(lib_a-impure.o)
 .ARM.attributes
                0x0000000000000000       0x34 c:/st/stm32cubeide_1.3.0/stm32cubeide/plugins/com.st.stm32cube.ide.mcu.externaltools.gnu-tools-for-stm32.7-2018-q2-update.win32_1.4.0.202007081208/tools/bin/../lib/gcc/arm-none-eabi/7.3.1/../../../../arm-none-eabi/lib/thumb/v7e-m/fpv4-sp/hard\libc_nano.a(lib_a-impure.o)
 .text          0x0000000000000000        0x0 c:/st/stm32cubeide_1.3.0/stm32cubeide/plugins/com.st.stm32cube.ide.mcu.externaltools.gnu-tools-for-stm32.7-2018-q2-update.win32_1.4.0.202007081208/tools/bin/../lib/gcc/arm-none-eabi/7.3.1/../../../../arm-none-eabi/lib/thumb/v7e-m/fpv4-sp/hard\libc_nano.a(lib_a-init.o)
 .data          0x0000000000000000        0x0 c:/st/stm32cubeide_1.3.0/stm32cubeide/plugins/com.st.stm32cube.ide.mcu.externaltools.gnu-tools-for-stm32.7-2018-q2-update.win32_1.4.0.202007081208/tools/bin/../lib/gcc/arm-none-eabi/7.3.1/../../../../arm-none-eabi/lib/thumb/v7e-m/fpv4-sp/hard\libc_nano.a(lib_a-init.o)
 .bss           0x0000000000000000        0x0 c:/st/stm32cubeide_1.3.0/stm32cubeide/plugins/com.st.stm32cube.ide.mcu.externaltools.gnu-tools-for-stm32.7-2018-q2-update.win32_1.4.0.202007081208/tools/bin/../lib/gcc/arm-none-eabi/7.3.1/../../../../arm-none-eabi/lib/thumb/v7e-m/fpv4-sp/hard\libc_nano.a(lib_a-init.o)
 .text          0x0000000000000000        0x0 c:/st/stm32cubeide_1.3.0/stm32cubeide/plugins/com.st.stm32cube.ide.mcu.externaltools.gnu-tools-for-stm32.7-2018-q2-update.win32_1.4.0.202007081208/tools/bin/../lib/gcc/arm-none-eabi/7.3.1/../../../../arm-none-eabi/lib/thumb/v7e-m/fpv4-sp/hard\libc_nano.a(lib_a-memset.o)
 .data          0x0000000000000000        0x0 c:/st/stm32cubeide_1.3.0/stm32cubeide/plugins/com.st.stm32cube.ide.mcu.externaltools.gnu-tools-for-stm32.7-2018-q2-update.win32_1.4.0.202007081208/tools/bin/../lib/gcc/arm-none-eabi/7.3.1/../../../../arm-none-eabi/lib/thumb/v7e-m/fpv4-sp/hard\libc_nano.a(lib_a-memset.o)
 .bss           0x0000000000000000        0x0 c:/st/stm32cubeide_1.3.0/stm32cubeide/plugins/com.st.stm32cube.ide.mcu.externaltools.gnu-tools-for-stm32.7-2018-q2-update.win32_1.4.0.202007081208/tools/bin/../lib/gcc/arm-none-eabi/7.3.1/../../../../arm-none-eabi/lib/thumb/v7e-m/fpv4-sp/hard\libc_nano.a(lib_a-memset.o)
 .text.memset   0x0000000000000000       0x10 c:/st/stm32cubeide_1.3.0/stm32cubeide/plugins/com.st.stm32cube.ide.mcu.externaltools.gnu-tools-for-stm32.7-2018-q2-update.win32_1.4.0.202007081208/tools/bin/../lib/gcc/arm-none-eabi/7.3.1/../../../../arm-none-eabi/lib/thumb/v7e-m/fpv4-sp/hard\libc_nano.a(lib_a-memset.o)
 .debug_frame   0x0000000000000000       0x20 c:/st/stm32cubeide_1.3.0/stm32cubeide/plugins/com.st.stm32cube.ide.mcu.externaltools.gnu-tools-for-stm32.7-2018-q2-update.win32_1.4.0.202007081208/tools/bin/../lib/gcc/arm-none-eabi/7.3.1/../../../../arm-none-eabi/lib/thumb/v7e-m/fpv4-sp/hard\libc_nano.a(lib_a-memset.o)
 .ARM.attributes
                0x0000000000000000       0x34 c:/st/stm32cubeide_1.3.0/stm32cubeide/plugins/com.st.stm32cube.ide.mcu.externaltools.gnu-tools-for-stm32.7-2018-q2-update.win32_1.4.0.202007081208/tools/bin/../lib/gcc/arm-none-eabi/7.3.1/../../../../arm-none-eabi/lib/thumb/v7e-m/fpv4-sp/hard\libc_nano.a(lib_a-memset.o)
 .data          0x0000000000000000        0x0 c:/st/stm32cubeide_1.3.0/stm32cubeide/plugins/com.st.stm32cube.ide.mcu.externaltools.gnu-tools-for-stm32.7-2018-q2-update.win32_1.4.0.202007081208/tools/bin/../lib/gcc/arm-none-eabi/7.3.1/../../../../arm-none-eabi/lib/thumb/v7e-m/fpv4-sp/hard\libc_nano.a(lib_a-strlen.o)
 .bss           0x0000000000000000        0x0 c:/st/stm32cubeide_1.3.0/stm32cubeide/plugins/com.st.stm32cube.ide.mcu.externaltools.gnu-tools-for-stm32.7-2018-q2-update.win32_1.4.0.202007081208/tools/bin/../lib/gcc/arm-none-eabi/7.3.1/../../../../arm-none-eabi/lib/thumb/v7e-m/fpv4-sp/hard\libc_nano.a(lib_a-strlen.o)
 .text          0x0000000000000000        0x0 c:/st/stm32cubeide_1.3.0/stm32cubeide/plugins/com.st.stm32cube.ide.mcu.externaltools.gnu-tools-for-stm32.7-2018-q2-update.win32_1.4.0.202007081208/tools/bin/../lib/gcc/arm-none-eabi/7.3.1/thumb/v7e-m/fpv4-sp/hard/crtend.o
 .data          0x0000000000000000        0x0 c:/st/stm32cubeide_1.3.0/stm32cubeide/plugins/com.st.stm32cube.ide.mcu.externaltools.gnu-tools-for-stm32.7-2018-q2-update.win32_1.4.0.202007081208/tools/bin/../lib/gcc/arm-none-eabi/7.3.1/thumb/v7e-m/fpv4-sp/hard/crtend.o
 .bss           0x0000000000000000        0x0 c:/st/stm32cubeide_1.3.0/stm32cubeide/plugins/com.st.stm32cube.ide.mcu.externaltools.gnu-tools-for-stm32.7-2018-q2-update.win32_1.4.0.202007081208/tools/bin/../lib/gcc/arm-none-eabi/7.3.1/thumb/v7e-m/fpv4-sp/hard/crtend.o
 .eh_frame      0x0000000000000000        0x4 c:/st/stm32cubeide_1.3.0/stm32cubeide/plugins/com.st.stm32cube.ide.mcu.externaltools.gnu-tools-for-stm32.7-2018-q2-update.win32_1.4.0.202007081208/tools/bin/../lib/gcc/arm-none-eabi/7.3.1/thumb/v7e-m/fpv4-sp/hard/crtend.o
 .ARM.attributes
                0x0000000000000000       0x34 c:/st/stm32cubeide_1.3.0/stm32cubeide/plugins/com.st.stm32cube.ide.mcu.externaltools.gnu-tools-for-stm32.7-2018-q2-update.win32_1.4.0.202007081208/tools/bin/../lib/gcc/arm-none-eabi/7.3.1/thumb/v7e-m/fpv4-sp/hard/crtend.o
 .text          0x0000000000000000        0x0 c:/st/stm32cubeide_1.3.0/stm32cubeide/plugins/com.st.stm32cube.ide.mcu.externaltools.gnu-tools-for-stm32.7-2018-q2-update.win32_1.4.0.202007081208/tools/bin/../lib/gcc/arm-none-eabi/7.3.1/thumb/v7e-m/fpv4-sp/hard/crtn.o
 .data          0x0000000000000000        0x0 c:/st/stm32cubeide_1.3.0/stm32cubeide/plugins/com.st.stm32cube.ide.mcu.externaltools.gnu-tools-for-stm32.7-2018-q2-update.win32_1.4.0.202007081208/tools/bin/../lib/gcc/arm-none-eabi/7.3.1/thumb/v7e-m/fpv4-sp/hard/crtn.o
 .bss           0x0000000000000000        0x0 c:/st/stm32cubeide_1.3.0/stm32cubeide/plugins/com.st.stm32cube.ide.mcu.externaltools.gnu-tools-for-stm32.7-2018-q2-update.win32_1.4.0.202007081208/tools/bin/../lib/gcc/arm-none-eabi/7.3.1/thumb/v7e-m/fpv4-sp/hard/crtn.o

Memory Configuration

Name             Origin             Length             Attributes
RAM              0x0000000020000000 0x0000000000020000 xrw
ROM              0x0000000008000000 0x0000000000100000 xr
*default*        0x0000000000000000 0xffffffffffffffff

Linker script and memory map

LOAD c:/st/stm32cubeide_1.3.0/stm32cubeide/plugins/com.st.stm32cube.ide.mcu.externaltools.gnu-tools-for-stm32.7-2018-q2-update.win32_1.4.0.202007081208/tools/bin/../lib/gcc/arm-none-eabi/7.3.1/thumb/v7e-m/fpv4-sp/hard/crti.o
LOAD c:/st/stm32cubeide_1.3.0/stm32cubeide/plugins/com.st.stm32cube.ide.mcu.externaltools.gnu-tools-for-stm32.7-2018-q2-update.win32_1.4.0.202007081208/tools/bin/../lib/gcc/arm-none-eabi/7.3.1/thumb/v7e-m/fpv4-sp/hard/crtbegin.o
LOAD c:/st/stm32cubeide_1.3.0/stm32cubeide/plugins/com.st.stm32cube.ide.mcu.externaltools.gnu-tools-for-stm32.7-2018-q2-update.win32_1.4.0.202007081208/tools/bin/../lib/gcc/arm-none-eabi/7.3.1/../../../../arm-none-eabi/lib/thumb/v7e-m/fpv4-sp/hard/crt0.o
LOAD LCD_Driver/lcd.o
LOAD Src/010_I2C_master_Tx_testing.o
LOAD Src/syscalls.o
LOAD Src/sysmem.o
LOAD Startup/startup_stm32f407vgtx.o
LOAD drivers/Src/stm32F407xx_ADC_driver.o
LOAD drivers/Src/stm32F407xx_I2C_driver.o
LOAD drivers/Src/stm32F407xx_RCC_driver.o
LOAD drivers/Src/stm32F407xx_SPI_driver.o
LOAD drivers/Src/stm32F407xx_TIM_driver.o
LOAD drivers/Src/stm32F407xx__USART_driver.o
LOAD drivers/Src/stm32F407xx_gpio_driver.o
START GROUP
LOAD c:/st/stm32cubeide_1.3.0/stm32cubeide/plugins/com.st.stm32cube.ide.mcu.externaltools.gnu-tools-for-stm32.7-2018-q2-update.win32_1.4.0.202007081208/tools/bin/../lib/gcc/arm-none-eabi/7.3.1/../../../../arm-none-eabi/lib/thumb/v7e-m/fpv4-sp/hard\libc_nano.a
LOAD c:/st/stm32cubeide_1.3.0/stm32cubeide/plugins/com.st.stm32cube.ide.mcu.externaltools.gnu-tools-for-stm32.7-2018-q2-update.win32_1.4.0.202007081208/tools/bin/../lib/gcc/arm-none-eabi/7.3.1/../../../../arm-none-eabi/lib/thumb/v7e-m/fpv4-sp/hard\libm.a
END GROUP
START GROUP
LOAD c:/st/stm32cubeide_1.3.0/stm32cubeide/plugins/com.st.stm32cube.ide.mcu.externaltools.gnu-tools-for-stm32.7-2018-q2-update.win32_1.4.0.202007081208/tools/bin/../lib/gcc/arm-none-eabi/7.3.1/thumb/v7e-m/fpv4-sp/hard\libgcc.a
LOAD c:/st/stm32cubeide_1.3.0/stm32cubeide/plugins/com.st.stm32cube.ide.mcu.externaltools.gnu-tools-for-stm32.7-2018-q2-update.win32_1.4.0.202007081208/tools/bin/../lib/gcc/arm-none-eabi/7.3.1/../../../../arm-none-eabi/lib/thumb/v7e-m/fpv4-sp/hard\libc_nano.a
END GROUP
START GROUP
LOAD c:/st/stm32cubeide_1.3.0/stm32cubeide/plugins/com.st.stm32cube.ide.mcu.externaltools.gnu-tools-for-stm32.7-2018-q2-update.win32_1.4.0.202007081208/tools/bin/../lib/gcc/arm-none-eabi/7.3.1/thumb/v7e-m/fpv4-sp/hard\libgcc.a
LOAD c:/st/stm32cubeide_1.3.0/stm32cubeide/plugins/com.st.stm32cube.ide.mcu.externaltools.gnu-tools-for-stm32.7-2018-q2-update.win32_1.4.0.202007081208/tools/bin/../lib/gcc/arm-none-eabi/7.3.1/../../../../arm-none-eabi/lib/thumb/v7e-m/fpv4-sp/hard\libc_nano.a
LOAD c:/st/stm32cubeide_1.3.0/stm32cubeide/plugins/com.st.stm32cube.ide.mcu.externaltools.gnu-tools-for-stm32.7-2018-q2-update.win32_1.4.0.202007081208/tools/bin/../lib/gcc/arm-none-eabi/7.3.1/../../../../arm-none-eabi/lib/thumb/v7e-m/fpv4-sp/hard\libnosys.a
END GROUP
START GROUP
LOAD c:/st/stm32cubeide_1.3.0/stm32cubeide/plugins/com.st.stm32cube.ide.mcu.externaltools.gnu-tools-for-stm32.7-2018-q2-update.win32_1.4.0.202007081208/tools/bin/../lib/gcc/arm-none-eabi/7.3.1/thumb/v7e-m/fpv4-sp/hard\libgcc.a
LOAD c:/st/stm32cubeide_1.3.0/stm32cubeide/plugins/com.st.stm32cube.ide.mcu.externaltools.gnu-tools-for-stm32.7-2018-q2-update.win32_1.4.0.202007081208/tools/bin/../lib/gcc/arm-none-eabi/7.3.1/../../../../arm-none-eabi/lib/thumb/v7e-m/fpv4-sp/hard\libc_nano.a
LOAD c:/st/stm32cubeide_1.3.0/stm32cubeide/plugins/com.st.stm32cube.ide.mcu.externaltools.gnu-tools-for-stm32.7-2018-q2-update.win32_1.4.0.202007081208/tools/bin/../lib/gcc/arm-none-eabi/7.3.1/../../../../arm-none-eabi/lib/thumb/v7e-m/fpv4-sp/hard\libnosys.a
END GROUP
LOAD c:/st/stm32cubeide_1.3.0/stm32cubeide/plugins/com.st.stm32cube.ide.mcu.externaltools.gnu-tools-for-stm32.7-2018-q2-update.win32_1.4.0.202007081208/tools/bin/../lib/gcc/arm-none-eabi/7.3.1/thumb/v7e-m/fpv4-sp/hard/crtend.o
LOAD c:/st/stm32cubeide_1.3.0/stm32cubeide/plugins/com.st.stm32cube.ide.mcu.externaltools.gnu-tools-for-stm32.7-2018-q2-update.win32_1.4.0.202007081208/tools/bin/../lib/gcc/arm-none-eabi/7.3.1/thumb/v7e-m/fpv4-sp/hard/crtn.o
                0x0000000020020000                _estack = (ORIGIN (RAM) + LENGTH (RAM))
                0x0000000000000200                _Min_Heap_Size = 0x200
                0x0000000000000400                _Min_Stack_Size = 0x400

.isr_vector     0x0000000008000000      0x1a8
                0x0000000008000000                . = ALIGN (0x4)
 *(.isr_vector)
 .isr_vector    0x0000000008000000      0x1a8 Startup/startup_stm32f407vgtx.o
                0x0000000008000000                g_pfnVectors
                0x00000000080001a8                . = ALIGN (0x4)

.text           0x00000000080001a8      0xd28
                0x00000000080001a8                . = ALIGN (0x4)
 *(.text)
 .text          0x00000000080001a8       0x40 c:/st/stm32cubeide_1.3.0/stm32cubeide/plugins/com.st.stm32cube.ide.mcu.externaltools.gnu-tools-for-stm32.7-2018-q2-update.win32_1.4.0.202007081208/tools/bin/../lib/gcc/arm-none-eabi/7.3.1/thumb/v7e-m/fpv4-sp/hard/crtbegin.o
 .text          0x00000000080001e8       0x10 c:/st/stm32cubeide_1.3.0/stm32cubeide/plugins/com.st.stm32cube.ide.mcu.externaltools.gnu-tools-for-stm32.7-2018-q2-update.win32_1.4.0.202007081208/tools/bin/../lib/gcc/arm-none-eabi/7.3.1/../../../../arm-none-eabi/lib/thumb/v7e-m/fpv4-sp/hard\libc_nano.a(lib_a-strlen.o)
                0x00000000080001e8                strlen
 *(.text*)
 .text.delay    0x00000000080001f8       0x2c Src/010_I2C_master_Tx_testing.o
                0x00000000080001f8                delay
 .text.I2C1_GPIOInits
                0x0000000008000224       0x4c Src/010_I2C_master_Tx_testing.o
                0x0000000008000224                I2C1_GPIOInits
 .text.I2C1_Inits
                0x0000000008000270       0x48 Src/010_I2C_master_Tx_testing.o
                0x0000000008000270                I2C1_Inits
 .text.GPIO_ButtonInit
                0x00000000080002b8       0x64 Src/010_I2C_master_Tx_testing.o
                0x00000000080002b8                GPIO_ButtonInit
 .text.main     0x000000000800031c       0x58 Src/010_I2C_master_Tx_testing.o
                0x000000000800031c                main
 .text.Reset_Handler
                0x0000000008000374       0x50 Startup/startup_stm32f407vgtx.o
                0x0000000008000374                Reset_Handler
 .text.Default_Handler
                0x00000000080003c4        0x2 Startup/startup_stm32f407vgtx.o
                0x00000000080003c4                RTC_Alarm_IRQHandler
                0x00000000080003c4                HASH_RNG_IRQHandler
                0x00000000080003c4                EXTI2_IRQHandler
                0x00000000080003c4                TIM8_CC_IRQHandler
                0x00000000080003c4                DebugMon_Handler
                0x00000000080003c4                TIM1_CC_IRQHandler
                0x00000000080003c4                DMA2_Stream5_IRQHandler
                0x00000000080003c4                HardFault_Handler
                0x00000000080003c4                DMA1_Stream5_IRQHandler
                0x00000000080003c4                SysTick_Handler
                0x00000000080003c4                PVD_IRQHandler
                0x00000000080003c4                SDIO_IRQHandler
                0x00000000080003c4                TAMP_STAMP_IRQHandler
                0x00000000080003c4                PendSV_Handler
                0x00000000080003c4                NMI_Handler
                0x00000000080003c4                CAN2_RX1_IRQHandler
                0x00000000080003c4                EXTI3_IRQHandler
                0x00000000080003c4                TIM8_TRG_COM_TIM14_IRQHandler
                0x00000000080003c4                TIM1_UP_TIM10_IRQHandler
                0x00000000080003c4                TIM8_UP_TIM13_IRQHandler
                0x00000000080003c4                I2C3_ER_IRQHandler
                0x00000000080003c4                LCD_TFT_IRQHandler
                0x00000000080003c4                EXTI0_IRQHandler
                0x00000000080003c4                I2C2_EV_IRQHandler
                0x00000000080003c4                DMA1_Stream2_IRQHandler
                0x00000000080003c4                CAN1_RX0_IRQHandler
                0x00000000080003c4                FPU_IRQHandler
                0x00000000080003c4                OTG_HS_WKUP_IRQHandler
                0x00000000080003c4                UsageFault_Handler
                0x00000000080003c4                CAN2_SCE_IRQHandler
                0x00000000080003c4                DMA2_Stream2_IRQHandler
                0x00000000080003c4                SPI1_IRQHandler
                0x00000000080003c4                TIM6_DAC_IRQHandler
                0x00000000080003c4                TIM1_BRK_TIM9_IRQHandler
                0x00000000080003c4                DCMI_IRQHandler
                0x00000000080003c4                CAN2_RX0_IRQHandler
                0x00000000080003c4                DMA2_Stream3_IRQHandler
                0x00000000080003c4                USART6_IRQHandler
                0x00000000080003c4                USART3_IRQHandler
                0x00000000080003c4                CRYP_IRQHandler
                0x00000000080003c4                CAN1_RX1_IRQHandler
                0x00000000080003c4                UART5_IRQHandler
                0x00000000080003c4                DMA2_Stream0_IRQHandler
                0x00000000080003c4                TIM4_IRQHandler
                0x00000000080003c4                I2C1_EV_IRQHandler
                0x00000000080003c4                DMA1_Stream6_IRQHandler
                0x00000000080003c4                DMA1_Stream1_IRQHandler
                0x00000000080003c4                UART4_IRQHandler
                0x00000000080003c4                LCD_TFT_1_IRQHandler
                0x00000000080003c4                TIM3_IRQHandler
                0x00000000080003c4                RCC_IRQHandler
                0x00000000080003c4                TIM8_BRK_TIM12_IRQHandler
                0x00000000080003c4                Default_Handler
                0x00000000080003c4                EXTI15_10_IRQHandler
                0x00000000080003c4                ADC_IRQHandler
                0x00000000080003c4                DMA1_Stream7_IRQHandler
                0x00000000080003c4                TIM7_IRQHandler
                0x00000000080003c4                CAN2_TX_IRQHandler
                0x00000000080003c4                TIM5_IRQHandler
                0x00000000080003c4                DMA2_Stream7_IRQHandler
                0x00000000080003c4                I2C3_EV_IRQHandler
                0x00000000080003c4                EXTI9_5_IRQHandler
                0x00000000080003c4                RTC_WKUP_IRQHandler
                0x00000000080003c4                ETH_WKUP_IRQHandler
                0x00000000080003c4                SPI2_IRQHandler
                0x00000000080003c4                OTG_HS_EP1_IN_IRQHandler
                0x00000000080003c4                MemManage_Handler
                0x00000000080003c4                DMA1_Stream0_IRQHandler
                0x00000000080003c4                CAN1_TX_IRQHandler
                0x00000000080003c4                SVC_Handler
                0x00000000080003c4                EXTI4_IRQHandler
                0x00000000080003c4                FSMC_IRQHandler
                0x00000000080003c4                ETH_IRQHandler
                0x00000000080003c4                OTG_HS_EP1_OUT_IRQHandler
                0x00000000080003c4                WWDG_IRQHandler
                0x00000000080003c4                TIM2_IRQHandler
                0x00000000080003c4                OTG_FS_WKUP_IRQHandler
                0x00000000080003c4                TIM1_TRG_COM_TIM11_IRQHandler
                0x00000000080003c4                OTG_HS_IRQHandler
                0x00000000080003c4                EXTI1_IRQHandler
                0x00000000080003c4                USART2_IRQHandler
                0x00000000080003c4                I2C2_ER_IRQHandler
                0x00000000080003c4                DMA2_Stream1_IRQHandler
                0x00000000080003c4                CAN1_SCE_IRQHandler
                0x00000000080003c4                DMA2_Stream4_IRQHandler
                0x00000000080003c4                BusFault_Handler
                0x00000000080003c4                USART1_IRQHandler
                0x00000000080003c4                OTG_FS_IRQHandler
                0x00000000080003c4                SPI3_IRQHandler
                0x00000000080003c4                DMA1_Stream4_IRQHandler
                0x00000000080003c4                I2C1_ER_IRQHandler
                0x00000000080003c4                DMA2_Stream6_IRQHandler
                0x00000000080003c4                DMA1_Stream3_IRQHandler
 .text.I2C_PeripheralControl
                0x00000000080003c6       0x38 drivers/Src/stm32F407xx_I2C_driver.o
                0x00000000080003c6                I2C_PeripheralControl
 *fill*         0x00000000080003fe        0x2 
 .text.I2C_PeriClockControl
                0x0000000008000400       0xb0 drivers/Src/stm32F407xx_I2C_driver.o
                0x0000000008000400                I2C_PeriClockControl
 .text.I2C_Init
                0x00000000080004b0      0x1bc drivers/Src/stm32F407xx_I2C_driver.o
                0x00000000080004b0                I2C_Init
 .text.I2C_MasterSendData
                0x000000000800066c       0xd6 drivers/Src/stm32F407xx_I2C_driver.o
                0x000000000800066c                I2C_MasterSendData
 .text.I2C_ManageAcking
                0x0000000008000742       0x38 drivers/Src/stm32F407xx_I2C_driver.o
                0x0000000008000742                I2C_ManageAcking
 .text.I2C_GenerateStopCondition
                0x000000000800077a       0x20 drivers/Src/stm32F407xx_I2C_driver.o
                0x000000000800077a                I2C_GenerateStopCondition
 .text.I2C_ClearADDRFlag
                0x000000000800079a       0x6e drivers/Src/stm32F407xx_I2C_driver.o
 .text.I2C_GenerateStartCondition
                0x0000000008000808       0x20 drivers/Src/stm32F407xx_I2C_driver.o
 .text.I2C_ExecuteAddressPhaseWrite
                0x0000000008000828       0x2c drivers/Src/stm32F407xx_I2C_driver.o
 .text.I2C_GetFlagStatus
                0x0000000008000854       0x28 drivers/Src/stm32F407xx_I2C_driver.o
                0x0000000008000854                I2C_GetFlagStatus
 .text.I2C_ERROR
                0x000000000800087c        0xe drivers/Src/stm32F407xx_I2C_driver.o
                0x000000000800087c                I2C_ERROR
 .text.RCC__GetPLLOutputClock
                0x000000000800088a       0x10 drivers/Src/stm32F407xx_RCC_driver.o
                0x000000000800088a                RCC__GetPLLOutputClock
 *fill*         0x000000000800089a        0x2 
 .text.RCC_getPCLK1Value
                0x000000000800089c       0xb0 drivers/Src/stm32F407xx_RCC_driver.o
                0x000000000800089c                RCC_getPCLK1Value
 .text.GPIO_PeriClockControl
                0x000000000800094c      0x1a0 drivers/Src/stm32F407xx_gpio_driver.o
                0x000000000800094c                GPIO_PeriClockControl
 .text.GPIO_Init
                0x0000000008000aec      0x358 drivers/Src/stm32F407xx_gpio_driver.o
                0x0000000008000aec                GPIO_Init
 .text.GPIO_ReadFromInputPin
                0x0000000008000e44       0x2c drivers/Src/stm32F407xx_gpio_driver.o
                0x0000000008000e44                GPIO_ReadFromInputPin
 .text.__libc_init_array
                0x0000000008000e70       0x48 c:/st/stm32cubeide_1.3.0/stm32cubeide/plugins/com.st.stm32cube.ide.mcu.externaltools.gnu-tools-for-stm32.7-2018-q2-update.win32_1.4.0.202007081208/tools/bin/../lib/gcc/arm-none-eabi/7.3.1/../../../../arm-none-eabi/lib/thumb/v7e-m/fpv4-sp/hard\libc_nano.a(lib_a-init.o)
                0x0000000008000e70                __libc_init_array
 *(.glue_7)
 .glue_7        0x0000000008000eb8        0x0 linker stubs
 *(.glue_7t)
 .glue_7t       0x0000000008000eb8        0x0 linker stubs
 *(.eh_frame)
 .eh_frame      0x0000000008000eb8        0x0 c:/st/stm32cubeide_1.3.0/stm32cubeide/plugins/com.st.stm32cube.ide.mcu.externaltools.gnu-tools-for-stm32.7-2018-q2-update.win32_1.4.0.202007081208/tools/bin/../lib/gcc/arm-none-eabi/7.3.1/thumb/v7e-m/fpv4-sp/hard/crtbegin.o
 *(.init)
 .init          0x0000000008000eb8        0x4 c:/st/stm32cubeide_1.3.0/stm32cubeide/plugins/com.st.stm32cube.ide.mcu.externaltools.gnu-tools-for-stm32.7-2018-q2-update.win32_1.4.0.202007081208/tools/bin/../lib/gcc/arm-none-eabi/7.3.1/thumb/v7e-m/fpv4-sp/hard/crti.o
                0x0000000008000eb8                _init
 .init          0x0000000008000ebc        0x8 c:/st/stm32cubeide_1.3.0/stm32cubeide/plugins/com.st.stm32cube.ide.mcu.externaltools.gnu-tools-for-stm32.7-2018-q2-update.win32_1.4.0.202007081208/tools/bin/../lib/gcc/arm-none-eabi/7.3.1/thumb/v7e-m/fpv4-sp/hard/crtn.o
 *(.fini)
 .fini          0x0000000008000ec4        0x4 c:/st/stm32cubeide_1.3.0/stm32cubeide/plugins/com.st.stm32cube.ide.mcu.externaltools.gnu-tools-for-stm32.7-2018-q2-update.win32_1.4.0.202007081208/tools/bin/../lib/gcc/arm-none-eabi/7.3.1/thumb/v7e-m/fpv4-sp/hard/crti.o
                0x0000000008000ec4                _fini
 .fini          0x0000000008000ec8        0x8 c:/st/stm32cubeide_1.3.0/stm32cubeide/plugins/com.st.stm32cube.ide.mcu.externaltools.gnu-tools-for-stm32.7-2018-q2-update.win32_1.4.0.202007081208/tools/bin/../lib/gcc/arm-none-eabi/7.3.1/thumb/v7e-m/fpv4-sp/hard/crtn.o
                0x0000000008000ed0                . = ALIGN (0x4)
                0x0000000008000ed0                _etext = .

.vfp11_veneer   0x0000000008000ed0        0x0
 .vfp11_veneer  0x0000000008000ed0        0x0 linker stubs

.v4_bx          0x0000000008000ed0        0x0
 .v4_bx         0x0000000008000ed0        0x0 linker stubs

.iplt           0x0000000008000ed0        0x0
 .iplt          0x0000000008000ed0        0x0 c:/st/stm32cubeide_1.3.0/stm32cubeide/plugins/com.st.stm32cube.ide.mcu.externaltools.gnu-tools-for-stm32.7-2018-q2-update.win32_1.4.0.202007081208/tools/bin/../lib/gcc/arm-none-eabi/7.3.1/thumb/v7e-m/fpv4-sp/hard/crtbegin.o

.rel.dyn        0x0000000008000ed0        0x0
 .rel.iplt      0x0000000008000ed0        0x0 c:/st/stm32cubeide_1.3.0/stm32cubeide/plugins/com.st.stm32cube.ide.mcu.externaltools.gnu-tools-for-stm32.7-2018-q2-update.win32_1.4.0.202007081208/tools/bin/../lib/gcc/arm-none-eabi/7.3.1/thumb/v7e-m/fpv4-sp/hard/crtbegin.o

.rodata         0x0000000008000ed0        0x0
                0x0000000008000ed0                . = ALIGN (0x4)
 *(.rodata)
 *(.rodata*)
                0x0000000008000ed0                . = ALIGN (0x4)

.ARM.extab      0x0000000008000ed0        0x0
                0x0000000008000ed0                . = ALIGN (0x4)
 *(.ARM.extab* .gnu.linkonce.armextab.*)
                0x0000000008000ed0                . = ALIGN (0x4)

.ARM            0x0000000008000ed0        0x0
                0x0000000008000ed0                . = ALIGN (0x4)
                0x0000000008000ed0                __exidx_start = .
 *(.ARM.exidx*)
                0x0000000008000ed0                __exidx_end = .
                0x0000000008000ed0                . = ALIGN (0x4)

.preinit_array  0x0000000008000ed0        0x0
                0x0000000008000ed0                . = ALIGN (0x4)
                0x0000000008000ed0                PROVIDE (__preinit_array_start = .)
 *(.preinit_array*)
                0x0000000008000ed0                PROVIDE (__preinit_array_end = .)
                0x0000000008000ed0                . = ALIGN (0x4)

.init_array     0x0000000008000ed0        0x4
                0x0000000008000ed0                . = ALIGN (0x4)
                0x0000000008000ed0                PROVIDE (__init_array_start = .)
 *(SORT_BY_NAME(.init_array.*))
 *(.init_array*)
 .init_array    0x0000000008000ed0        0x4 c:/st/stm32cubeide_1.3.0/stm32cubeide/plugins/com.st.stm32cube.ide.mcu.externaltools.gnu-tools-for-stm32.7-2018-q2-update.win32_1.4.0.202007081208/tools/bin/../lib/gcc/arm-none-eabi/7.3.1/thumb/v7e-m/fpv4-sp/hard/crtbegin.o
                0x0000000008000ed4                PROVIDE (__init_array_end = .)
                0x0000000008000ed4                . = ALIGN (0x4)

.fini_array     0x0000000008000ed4        0x4
                0x0000000008000ed4                . = ALIGN (0x4)
                [!provide]                        PROVIDE (__fini_array_start = .)
 *(SORT_BY_NAME(.fini_array.*))
 *(.fini_array*)
 .fini_array    0x0000000008000ed4        0x4 c:/st/stm32cubeide_1.3.0/stm32cubeide/plugins/com.st.stm32cube.ide.mcu.externaltools.gnu-tools-for-stm32.7-2018-q2-update.win32_1.4.0.202007081208/tools/bin/../lib/gcc/arm-none-eabi/7.3.1/thumb/v7e-m/fpv4-sp/hard/crtbegin.o
                [!provide]                        PROVIDE (__fini_array_end = .)
                0x0000000008000ed8                . = ALIGN (0x4)
                0x0000000008000ed8                _sidata = LOADADDR (.data)

.data           0x0000000020000000       0x38 load address 0x0000000008000ed8
                0x0000000020000000                . = ALIGN (0x4)
                0x0000000020000000                _sdata = .
 *(.data)
 *(.data*)
 .data.some_data
                0x0000000020000000       0x1e Src/010_I2C_master_Tx_testing.o
                0x0000000020000000                some_data
 *fill*         0x000000002000001e        0x2 
 .data.AHB_PreScaler
                0x0000000020000020       0x10 drivers/Src/stm32F407xx_RCC_driver.o
                0x0000000020000020                AHB_PreScaler
 .data.APB1_PreScalar
                0x0000000020000030        0x8 drivers/Src/stm32F407xx_RCC_driver.o
                0x0000000020000030                APB1_PreScalar
                0x0000000020000038                . = ALIGN (0x4)
                0x0000000020000038                _edata = .

.igot.plt       0x0000000020000038        0x0 load address 0x0000000008000f10
 .igot.plt      0x0000000020000038        0x0 c:/st/stm32cubeide_1.3.0/stm32cubeide/plugins/com.st.stm32cube.ide.mcu.externaltools.gnu-tools-for-stm32.7-2018-q2-update.win32_1.4.0.202007081208/tools/bin/../lib/gcc/arm-none-eabi/7.3.1/thumb/v7e-m/fpv4-sp/hard/crtbegin.o
                0x0000000020000038                . = ALIGN (0x4)

.bss            0x0000000020000038       0x44 load address 0x0000000008000f10
                0x0000000020000038                _sbss = .
                0x0000000020000038                __bss_start__ = _sbss
 *(.bss)
 .bss           0x0000000020000038       0x1c c:/st/stm32cubeide_1.3.0/stm32cubeide/plugins/com.st.stm32cube.ide.mcu.externaltools.gnu-tools-for-stm32.7-2018-q2-update.win32_1.4.0.202007081208/tools/bin/../lib/gcc/arm-none-eabi/7.3.1/thumb/v7e-m/fpv4-sp/hard/crtbegin.o
 *(.bss*)
 *(COMMON)
 COMMON         0x0000000020000054       0x28 Src/010_I2C_master_Tx_testing.o
                0x0000000020000054                I2C1Handle
                0x000000002000007c                . = ALIGN (0x4)
                0x000000002000007c                _ebss = .
                0x000000002000007c                __bss_end__ = _ebss

._user_heap_stack
                0x000000002000007c      0x604 load address 0x0000000008000f10
                0x0000000020000080                . = ALIGN (0x8)
 *fill*         0x000000002000007c        0x4 
                0x0000000020000080                PROVIDE (end = .)
                [!provide]                        PROVIDE (_end = .)
                0x0000000020000280                . = (. + _Min_Heap_Size)
 *fill*         0x0000000020000080      0x200 
                0x0000000020000680                . = (. + _Min_Stack_Size)
 *fill*         0x0000000020000280      0x400 
                0x0000000020000680                . = ALIGN (0x8)

/DISCARD/
 libc.a(*)
 libm.a(*)
 libgcc.a(*)

.ARM.attributes
                0x0000000000000000       0x30
 *(.ARM.attributes)
 .ARM.attributes
                0x0000000000000000       0x22 c:/st/stm32cubeide_1.3.0/stm32cubeide/plugins/com.st.stm32cube.ide.mcu.externaltools.gnu-tools-for-stm32.7-2018-q2-update.win32_1.4.0.202007081208/tools/bin/../lib/gcc/arm-none-eabi/7.3.1/thumb/v7e-m/fpv4-sp/hard/crti.o
 .ARM.attributes
                0x0000000000000022       0x34 c:/st/stm32cubeide_1.3.0/stm32cubeide/plugins/com.st.stm32cube.ide.mcu.externaltools.gnu-tools-for-stm32.7-2018-q2-update.win32_1.4.0.202007081208/tools/bin/../lib/gcc/arm-none-eabi/7.3.1/thumb/v7e-m/fpv4-sp/hard/crtbegin.o
 .ARM.attributes
                0x0000000000000056       0x39 Src/010_I2C_master_Tx_testing.o
 .ARM.attributes
                0x000000000000008f       0x21 Startup/startup_stm32f407vgtx.o
 .ARM.attributes
                0x00000000000000b0       0x39 drivers/Src/stm32F407xx_I2C_driver.o
 .ARM.attributes
                0x00000000000000e9       0x39 drivers/Src/stm32F407xx_RCC_driver.o
 .ARM.attributes
                0x0000000000000122       0x39 drivers/Src/stm32F407xx_gpio_driver.o
 .ARM.attributes
                0x000000000000015b       0x34 c:/st/stm32cubeide_1.3.0/stm32cubeide/plugins/com.st.stm32cube.ide.mcu.externaltools.gnu-tools-for-stm32.7-2018-q2-update.win32_1.4.0.202007081208/tools/bin/../lib/gcc/arm-none-eabi/7.3.1/../../../../arm-none-eabi/lib/thumb/v7e-m/fpv4-sp/hard\libc_nano.a(lib_a-init.o)
 .ARM.attributes
                0x000000000000018f       0x1b c:/st/stm32cubeide_1.3.0/stm32cubeide/plugins/com.st.stm32cube.ide.mcu.externaltools.gnu-tools-for-stm32.7-2018-q2-update.win32_1.4.0.202007081208/tools/bin/../lib/gcc/arm-none-eabi/7.3.1/../../../../arm-none-eabi/lib/thumb/v7e-m/fpv4-sp/hard\libc_nano.a(lib_a-strlen.o)
 .ARM.attributes
                0x00000000000001aa       0x22 c:/st/stm32cubeide_1.3.0/stm32cubeide/plugins/com.st.stm32cube.ide.mcu.externaltools.gnu-tools-for-stm32.7-2018-q2-update.win32_1.4.0.202007081208/tools/bin/../lib/gcc/arm-none-eabi/7.3.1/thumb/v7e-m/fpv4-sp/hard/crtn.o
OUTPUT(STM32F4xx_drivers.elf elf32-littlearm)

.debug_info     0x0000000000000000     0x23de
 .debug_info    0x0000000000000000      0xc31 Src/010_I2C_master_Tx_testing.o
 .debug_info    0x0000000000000c31       0x22 Startup/startup_stm32f407vgtx.o
 .debug_info    0x0000000000000c53      0xa79 drivers/Src/stm32F407xx_I2C_driver.o
 .debug_info    0x00000000000016cc      0x5a7 drivers/Src/stm32F407xx_RCC_driver.o
 .debug_info    0x0000000000001c73      0x76b drivers/Src/stm32F407xx_gpio_driver.o

.debug_abbrev   0x0000000000000000      0x706
 .debug_abbrev  0x0000000000000000      0x1fb Src/010_I2C_master_Tx_testing.o
 .debug_abbrev  0x00000000000001fb       0x12 Startup/startup_stm32f407vgtx.o
 .debug_abbrev  0x000000000000020d      0x21d drivers/Src/stm32F407xx_I2C_driver.o
 .debug_abbrev  0x000000000000042a      0x165 drivers/Src/stm32F407xx_RCC_driver.o
 .debug_abbrev  0x000000000000058f      0x177 drivers/Src/stm32F407xx_gpio_driver.o

.debug_aranges  0x0000000000000000      0x218
 .debug_aranges
                0x0000000000000000       0x40 Src/010_I2C_master_Tx_testing.o
 .debug_aranges
                0x0000000000000040       0x28 Startup/startup_stm32f407vgtx.o
 .debug_aranges
                0x0000000000000068       0xf0 drivers/Src/stm32F407xx_I2C_driver.o
 .debug_aranges
                0x0000000000000158       0x50 drivers/Src/stm32F407xx_RCC_driver.o
 .debug_aranges
                0x00000000000001a8       0x70 drivers/Src/stm32F407xx_gpio_driver.o

.debug_ranges   0x0000000000000000      0x1d0
 .debug_ranges  0x0000000000000000       0x30 Src/010_I2C_master_Tx_testing.o
 .debug_ranges  0x0000000000000030       0x20 Startup/startup_stm32f407vgtx.o
 .debug_ranges  0x0000000000000050       0xe0 drivers/Src/stm32F407xx_I2C_driver.o
 .debug_ranges  0x0000000000000130       0x40 drivers/Src/stm32F407xx_RCC_driver.o
 .debug_ranges  0x0000000000000170       0x60 drivers/Src/stm32F407xx_gpio_driver.o

.debug_macro    0x0000000000000000     0x2b5c
 .debug_macro   0x0000000000000000      0x223 Src/010_I2C_master_Tx_testing.o
 .debug_macro   0x0000000000000223       0x40 Src/010_I2C_master_Tx_testing.o
 .debug_macro   0x0000000000000263       0x18 Src/010_I2C_master_Tx_testing.o
 .debug_macro   0x000000000000027b       0x94 Src/010_I2C_master_Tx_testing.o
 .debug_macro   0x000000000000030f       0x3c Src/010_I2C_master_Tx_testing.o
 .debug_macro   0x000000000000034b       0x34 Src/010_I2C_master_Tx_testing.o
 .debug_macro   0x000000000000037f       0x16 Src/010_I2C_master_Tx_testing.o
 .debug_macro   0x0000000000000395       0x57 Src/010_I2C_master_Tx_testing.o
 .debug_macro   0x00000000000003ec       0x97 Src/010_I2C_master_Tx_testing.o
 .debug_macro   0x0000000000000483      0x330 Src/010_I2C_master_Tx_testing.o
 .debug_macro   0x00000000000007b3       0xfd Src/010_I2C_master_Tx_testing.o
 .debug_macro   0x00000000000008b0       0x10 Src/010_I2C_master_Tx_testing.o
 .debug_macro   0x00000000000008c0       0x52 Src/010_I2C_master_Tx_testing.o
 .debug_macro   0x0000000000000912       0x1f Src/010_I2C_master_Tx_testing.o
 .debug_macro   0x0000000000000931       0x43 Src/010_I2C_master_Tx_testing.o
 .debug_macro   0x0000000000000974       0x20 Src/010_I2C_master_Tx_testing.o
 .debug_macro   0x0000000000000994      0x1a3 Src/010_I2C_master_Tx_testing.o
 .debug_macro   0x0000000000000b37       0x10 Src/010_I2C_master_Tx_testing.o
 .debug_macro   0x0000000000000b47       0x1c Src/010_I2C_master_Tx_testing.o
 .debug_macro   0x0000000000000b63       0x52 Src/010_I2C_master_Tx_testing.o
 .debug_macro   0x0000000000000bb5       0x40 Src/010_I2C_master_Tx_testing.o
 .debug_macro   0x0000000000000bf5       0x10 Src/010_I2C_master_Tx_testing.o
 .debug_macro   0x0000000000000c05       0x40 Src/010_I2C_master_Tx_testing.o
 .debug_macro   0x0000000000000c45       0xd7 Src/010_I2C_master_Tx_testing.o
 .debug_macro   0x0000000000000d1c       0x1c Src/010_I2C_master_Tx_testing.o
 .debug_macro   0x0000000000000d38       0x3d Src/010_I2C_master_Tx_testing.o
 .debug_macro   0x0000000000000d75       0x16 Src/010_I2C_master_Tx_testing.o
 .debug_macro   0x0000000000000d8b      0x145 Src/010_I2C_master_Tx_testing.o
 .debug_macro   0x0000000000000ed0       0x16 Src/010_I2C_master_Tx_testing.o
 .debug_macro   0x0000000000000ee6       0x35 Src/010_I2C_master_Tx_testing.o
 .debug_macro   0x0000000000000f1b       0x20 Src/010_I2C_master_Tx_testing.o
 .debug_macro   0x0000000000000f3b       0xe2 Src/010_I2C_master_Tx_testing.o
 .debug_macro   0x000000000000101d       0xa1 drivers/Src/stm32F407xx_I2C_driver.o
 .debug_macro   0x00000000000010be     0x166b drivers/Src/stm32F407xx_I2C_driver.o
 .debug_macro   0x0000000000002729       0xdc drivers/Src/stm32F407xx_I2C_driver.o
 .debug_macro   0x0000000000002805      0x23b drivers/Src/stm32F407xx_I2C_driver.o
 .debug_macro   0x0000000000002a40       0x8e drivers/Src/stm32F407xx_RCC_driver.o
 .debug_macro   0x0000000000002ace       0x8e drivers/Src/stm32F407xx_gpio_driver.o

.debug_line     0x0000000000000000     0x1a92
 .debug_line    0x0000000000000000      0x6cb Src/010_I2C_master_Tx_testing.o
 .debug_line    0x00000000000006cb       0x84 Startup/startup_stm32f407vgtx.o
 .debug_line    0x000000000000074f      0x831 drivers/Src/stm32F407xx_I2C_driver.o
 .debug_line    0x0000000000000f80      0x4c1 drivers/Src/stm32F407xx_RCC_driver.o
 .debug_line    0x0000000000001441      0x651 drivers/Src/stm32F407xx_gpio_driver.o

.debug_str      0x0000000000000000     0xe8a1
 .debug_str     0x0000000000000000     0xd839 Src/010_I2C_master_Tx_testing.o
                                       0xdaa5 (size before relaxing)
 .debug_str     0x000000000000d839       0x31 Startup/startup_stm32f407vgtx.o
                                         0x85 (size before relaxing)
 .debug_str     0x000000000000d86a      0xc6c drivers/Src/stm32F407xx_I2C_driver.o
                                       0xa23b (size before relaxing)
 .debug_str     0x000000000000e4d6      0x268 drivers/Src/stm32F407xx_RCC_driver.o
                                       0x9d2d (size before relaxing)
 .debug_str     0x000000000000e73e      0x163 drivers/Src/stm32F407xx_gpio_driver.o
                                       0x9742 (size before relaxing)

.comment        0x0000000000000000       0x7b
 .comment       0x0000000000000000       0x7b Src/010_I2C_master_Tx_testing.o
                                         0x7c (size before relaxing)
 .comment       0x000000000000007b       0x7c drivers/Src/stm32F407xx_I2C_driver.o
 .comment       0x000000000000007b       0x7c drivers/Src/stm32F407xx_RCC_driver.o
 .comment       0x000000000000007b       0x7c drivers/Src/stm32F407xx_gpio_driver.o

.debug_frame    0x0000000000000000      0x7e0
 .debug_frame   0x0000000000000000       0xbc Src/010_I2C_master_Tx_testing.o
 .debug_frame   0x00000000000000bc      0x414 drivers/Src/stm32F407xx_I2C_driver.o
 .debug_frame   0x00000000000004d0      0x11c drivers/Src/stm32F407xx_RCC_driver.o
 .debug_frame   0x00000000000005ec      0x1c8 drivers/Src/stm32F407xx_gpio_driver.o
 .debug_frame   0x00000000000007b4       0x2c c:/st/stm32cubeide_1.3.0/stm32cubeide/plugins/com.st.stm32cube.ide.mcu.externaltools.gnu-tools-for-stm32.7-2018-q2-update.win32_1.4.0.202007081208/tools/bin/../lib/gcc/arm-none-eabi/7.3.1/../../../../arm-none-eabi/lib/thumb/v7e-m/fpv4-sp/hard\libc_nano.a(lib_a-init.o)
