stm32F407xx_TIM_driver.c:61:6:TIM_PeriClockControl	16	static
stm32F407xx_TIM_driver.c:181:6:TIM_BASE_Init	16	static
stm32F407xx_TIM_driver.c:238:6:TIM_COUNTER_EnOrDi	16	static
stm32F407xx_TIM_driver.c:275:6:TIMx_IC_Config	24	static
stm32F407xx_TIM_driver.c:418:6:TIMx_IC_EnOrDi	16	static
stm32F407xx_TIM_driver.c:491:6:TIMx_IC_WithIT_EnOrDi	16	static
stm32F407xx_TIM_driver.c:571:10:TIM_IC_Read	24	static
stm32F407xx_TIM_driver.c:629:6:TIMx_PWM_IC_Config	16	static
stm32F407xx_TIM_driver.c:723:6:TIM_OC_Int	32	static
stm32F407xx_TIM_driver.c:840:6:TIM_OC_EnOrDi	16	static
stm32F407xx_TIM_driver.c:909:6:TIM_OC_EnOrDi_WithIT	16	static
stm32F407xx_TIM_driver.c:1001:6:TIM_PWM_Init	24	static
stm32F407xx_TIM_driver.c:1205:6:PWM_Start	16	static
stm32F407xx_TIM_driver.c:1240:6:TIM_OnePulseMode_Init	32	static
stm32F407xx_TIM_driver.c:1359:6:TIM_SlaveController_Int	16	static
stm32F407xx_TIM_driver.c:1426:6:TIM_IRQInterruptConfig	16	static
stm32F407xx_TIM_driver.c:1482:6:TIM_IRQPriorityConfig	24	static
stm32F407xx_TIM_driver.c:1513:6:TIM_BASIC_IRQ_HANDLER	16	static
stm32F407xx_TIM_driver.c:1522:6:TIM_ClearFlag	16	static
stm32F407xx_TIM_driver.c:1532:6:TIMx_Error	4	static
stm32F407xx_TIM_driver.c:1540:6:TIM_OnePulse_Start	16	static
stm32F407xx_TIM_driver.c:1580:6:TIM_ClockConfig	16	static
stm32F407xx_TIM_driver.c:1774:6:TIM_SlaveController_Config	16	static
